Component: ARM Compiler 5.06 (build 20) Tool: armlink [4d35a3]

==============================================================================

Section Cross References

    main.o(i.BarrierProc) refers to light.o(i.bh_data_read) for bh_data_read
    main.o(i.BarrierProc) refers to dflt_clz.o(x$fpl$dfltu) for __aeabi_ui2d
    main.o(i.BarrierProc) refers to ddiv.o(x$fpl$ddiv) for __aeabi_ddiv
    main.o(i.BarrierProc) refers to drleqf.o(x$fpl$drleqf) for __aeabi_cdrcmple
    main.o(i.BarrierProc) refers to motor.o(i.CarStop) for CarStop
    main.o(i.BarrierProc) refers to motor.o(i.CarBack) for CarBack
    main.o(i.BarrierProc) refers to stm32f10x_gpio.o(i.GPIO_ReadInputDataBit) for GPIO_ReadInputDataBit
    main.o(i.BarrierProc) refers to motor.o(i.CarRight) for CarRight
    main.o(i.BarrierProc) refers to motor.o(i.CarLeft) for CarLeft
    main.o(i.BarrierProc) refers to motor.o(i.CarGo) for CarGo
    main.o(i.BarrierProc) refers to ultrasonicctrol.o(.data) for distance_cm
    main.o(i.main) refers to _printf_percent.o(.ARM.Collect$$_printf_percent$$00000000) for _printf_percent
    main.o(i.main) refers to _printf_s.o(.ARM.Collect$$_printf_percent$$00000014) for _printf_s
    main.o(i.main) refers to _printf_str.o(.text) for _printf_str
    main.o(i.main) refers to _printf_d.o(.ARM.Collect$$_printf_percent$$00000009) for _printf_d
    main.o(i.main) refers to _printf_dec.o(.text) for _printf_int_dec
    main.o(i.main) refers to delay.o(i.delay_init) for delay_init
    main.o(i.main) refers to misc.o(i.NVIC_PriorityGroupConfig) for NVIC_PriorityGroupConfig
    main.o(i.main) refers to usart.o(i.uart_init) for uart_init
    main.o(i.main) refers to led.o(i.LED_Init) for LED_Init
    main.o(i.main) refers to lcd.o(i.LCD_Init) for LCD_Init
    main.o(i.main) refers to w25qxx.o(i.W25QXX_Init) for W25QXX_Init
    main.o(i.main) refers to usart3.o(i.usart3_init) for usart3_init
    main.o(i.main) refers to malloc.o(i.my_mem_init) for my_mem_init
    main.o(i.main) refers to exfuns.o(i.exfuns_init) for exfuns_init
    main.o(i.main) refers to ff.o(i.f_mount) for f_mount
    main.o(i.main) refers to interface.o(i.GPIOCLKInit) for GPIOCLKInit
    main.o(i.main) refers to interface.o(i.UserLEDInit) for UserLEDInit
    main.o(i.main) refers to irctrol.o(i.IRCtrolInit) for IRCtrolInit
    main.o(i.main) refers to interface.o(i.TIM2_Init) for TIM2_Init
    main.o(i.main) refers to motor.o(i.MotorInit) for MotorInit
    main.o(i.main) refers to ultrasonicctrol.o(i.UltraSoundInit) for UltraSoundInit
    main.o(i.main) refers to interface.o(i.RedRayInit) for RedRayInit
    main.o(i.main) refers to interface.o(i.ServoInit) for ServoInit
    main.o(i.main) refers to myiic.o(i.IIC_Init) for IIC_Init
    main.o(i.main) refers to key.o(i.KEY_Scan) for KEY_Scan
    main.o(i.main) refers to fontupd.o(i.font_init) for font_init
    main.o(i.main) refers to common.o(i.atk_8266_test) for atk_8266_test
    main.o(i.main) refers to light.o(i.bh_data_send) for bh_data_send
    main.o(i.main) refers to delay.o(i.delay_ms) for delay_ms
    main.o(i.main) refers to main.o(i.send_mode) for send_mode
    main.o(i.main) refers to common.o(i.atk_8266_check_cmd) for atk_8266_check_cmd
    main.o(i.main) refers to ultrasonicctrol.o(i.GetDistanceDelay) for GetDistanceDelay
    main.o(i.main) refers to __2printf.o(.text) for __2printf
    main.o(i.main) refers to main.o(i.BarrierProc) for BarrierProc
    main.o(i.main) refers to motor.o(i.CarStop) for CarStop
    main.o(i.main) refers to main.o(i.send_data) for send_data
    main.o(i.main) refers to atoi.o(.text) for atoi
    main.o(i.main) refers to pidmotor.o(i.CarSpeed) for CarSpeed
    main.o(i.main) refers to rundistance.o(i.Rundistance) for Rundistance
    main.o(i.main) refers to motor.o(i.CarRight) for CarRight
    main.o(i.main) refers to motor.o(i.CarLeft) for CarLeft
    main.o(i.main) refers to motor.o(i.CarBack) for CarBack
    main.o(i.main) refers to usmart_config.o(.data) for usmart_dev
    main.o(i.main) refers to touch.o(.data) for tp_dev
    main.o(i.main) refers to exfuns.o(.data) for fs
    main.o(i.main) refers to usart3.o(.data) for USART3_RX_STA
    main.o(i.main) refers to usart3.o(.bss) for USART3_RX_BUF
    main.o(i.main) refers to speedctrol.o(.data) for front_right_speed
    main.o(i.main) refers to rundistance.o(.data) for front_run_temp
    main.o(i.send_data) refers to _printf_percent.o(.ARM.Collect$$_printf_percent$$00000000) for _printf_percent
    main.o(i.send_data) refers to _printf_d.o(.ARM.Collect$$_printf_percent$$00000009) for _printf_d
    main.o(i.send_data) refers to _printf_dec.o(.text) for _printf_int_dec
    main.o(i.send_data) refers to _printf_g.o(.ARM.Collect$$_printf_percent$$00000005) for _printf_g
    main.o(i.send_data) refers to printf1.o(x$fpl$printf1) for _printf_fp_dec
    main.o(i.send_data) refers to dflt_clz.o(x$fpl$dfltu) for __aeabi_ui2d
    main.o(i.send_data) refers to dmul.o(x$fpl$dmul) for __aeabi_dmul
[...]
    SD_ReadMultiBlocks                       0x080094f5   Thumb Code   698  sdio_sdcard.o(i.SD_ReadMultiBlocks)
    SD_SelectDeselect                        0x080097dd   Thumb Code    42  sdio_sdcard.o(i.SD_SelectDeselect)
    SD_SetDeviceMode                         0x0800980d   Thumb Code    20  sdio_sdcard.o(i.SD_SetDeviceMode)
    SD_WriteBlock                            0x08009825   Thumb Code   844  sdio_sdcard.o(i.SD_WriteBlock)
    SD_WriteDisk                             0x08009b99   Thumb Code   152  sdio_sdcard.o(i.SD_WriteDisk)
    SD_WriteMultiBlocks                      0x08009c39   Thumb Code   920  sdio_sdcard.o(i.SD_WriteMultiBlocks)
    SPI2_Init                                0x08009ff9   Thumb Code   140  spi.o(i.SPI2_Init)
    SPI2_ReadWriteByte                       0x0800a08d   Thumb Code    78  spi.o(i.SPI2_ReadWriteByte)
    SPI2_SetSpeed                            0x0800a0e1   Thumb Code    36  spi.o(i.SPI2_SetSpeed)
    SPI_Cmd                                  0x0800a109   Thumb Code    24  stm32f10x_spi.o(i.SPI_Cmd)
    SPI_I2S_GetFlagStatus                    0x0800a121   Thumb Code    18  stm32f10x_spi.o(i.SPI_I2S_GetFlagStatus)
    SPI_I2S_ReceiveData                      0x0800a133   Thumb Code     6  stm32f10x_spi.o(i.SPI_I2S_ReceiveData)
    SPI_I2S_SendData                         0x0800a139   Thumb Code     4  stm32f10x_spi.o(i.SPI_I2S_SendData)
    SPI_Init                                 0x0800a13d   Thumb Code    60  stm32f10x_spi.o(i.SPI_Init)
    SVC_Handler                              0x0800a179   Thumb Code     2  stm32f10x_it.o(i.SVC_Handler)
    ServoInit                                0x0800a17d   Thumb Code    42  interface.o(i.ServoInit)
    Show_Font                                0x0800a295   Thumb Code   190  text.o(i.Show_Font)
    Show_Str                                 0x0800a35d   Thumb Code   194  text.o(i.Show_Str)
    Show_Str_Mid                             0x0800a421   Thumb Code   106  text.o(i.Show_Str_Mid)
    SysTick_CLKSourceConfig                  0x0800a491   Thumb Code    40  misc.o(i.SysTick_CLKSourceConfig)
    SysTick_Handler                          0x0800a4b9   Thumb Code     2  stm32f10x_it.o(i.SysTick_Handler)
    SystemInit                               0x0800a4bd   Thumb Code    78  system_stm32f10x.o(i.SystemInit)
    TIM2_IRQHandler                          0x0800a51d   Thumb Code   176  stm32f10x_it.o(i.TIM2_IRQHandler)
    TIM2_Init                                0x0800a5f1   Thumb Code    74  interface.o(i.TIM2_Init)
    TIM4_IRQHandler                          0x0800a63d   Thumb Code    46  usmart.o(i.TIM4_IRQHandler)
    TIM7_IRQHandler                          0x0800a675   Thumb Code    42  timer.o(i.TIM7_IRQHandler)
    TIM7_Int_Init                            0x0800a6a9   Thumb Code    90  timer.o(i.TIM7_Int_Init)
    TIM_ClearFlag                            0x0800a709   Thumb Code     6  stm32f10x_tim.o(i.TIM_ClearFlag)
    TIM_ClearITPendingBit                    0x0800a70f   Thumb Code     6  stm32f10x_tim.o(i.TIM_ClearITPendingBit)
    TIM_Cmd                                  0x0800a715   Thumb Code    24  stm32f10x_tim.o(i.TIM_Cmd)
    TIM_GetCounter                           0x0800a72d   Thumb Code     6  stm32f10x_tim.o(i.TIM_GetCounter)
    TIM_GetFlagStatus                        0x0800a733   Thumb Code    18  stm32f10x_tim.o(i.TIM_GetFlagStatus)
    TIM_GetITStatus                          0x0800a745   Thumb Code    34  stm32f10x_tim.o(i.TIM_GetITStatus)
    TIM_ITConfig                             0x0800a767   Thumb Code    18  stm32f10x_tim.o(i.TIM_ITConfig)
    TIM_SetAutoreload                        0x0800a779   Thumb Code     4  stm32f10x_tim.o(i.TIM_SetAutoreload)
    TIM_SetCounter                           0x0800a77d   Thumb Code     4  stm32f10x_tim.o(i.TIM_SetCounter)
    TIM_TimeBaseInit                         0x0800a781   Thumb Code   122  stm32f10x_tim.o(i.TIM_TimeBaseInit)
    TP_Adj_Info_Show                         0x0800a825   Thumb Code   374  touch.o(i.TP_Adj_Info_Show)
    TP_Adjust                                0x0800a9cd   Thumb Code  2058  touch.o(i.TP_Adjust)
    TP_Drow_Touch_Point                      0x0800b229   Thumb Code   108  touch.o(i.TP_Drow_Touch_Point)
    TP_Get_Adjdata                           0x0800b299   Thumb Code    68  touch.o(i.TP_Get_Adjdata)
    TP_Init                                  0x0800b2e9   Thumb Code   330  touch.o(i.TP_Init)
    TP_Read_AD                               0x0800b451   Thumb Code   132  touch.o(i.TP_Read_AD)
    TP_Read_XOY                              0x0800b4e5   Thumb Code   120  touch.o(i.TP_Read_XOY)
    TP_Read_XY                               0x0800b55d   Thumb Code    38  touch.o(i.TP_Read_XY)
    TP_Read_XY2                              0x0800b58d   Thumb Code   192  touch.o(i.TP_Read_XY2)
    TP_Save_Adjdata                          0x0800b64d   Thumb Code    22  touch.o(i.TP_Save_Adjdata)
    TP_Scan                                  0x0800b669   Thumb Code   262  touch.o(i.TP_Scan)
    TP_Write_Byte                            0x0800b779   Thumb Code    64  touch.o(i.TP_Write_Byte)
    Time3Init                                0x0800b7c5   Thumb Code    38  irctrol.o(i.Time3Init)
    Time4Init                                0x0800b7f1   Thumb Code    40  ultrasonicctrol.o(i.Time4Init)
    Timer4_Init                              0x0800b81d   Thumb Code    88  usmart.o(i.Timer4_Init)
    USART1_IRQHandler                        0x0800b879   Thumb Code   122  usart.o(i.USART1_IRQHandler)
    USART3_IRQHandler                        0x0800b901   Thumb Code    94  usart3.o(i.USART3_IRQHandler)
    USART_Cmd                                0x0800b971   Thumb Code    24  stm32f10x_usart.o(i.USART_Cmd)
    USART_DeInit                             0x0800b989   Thumb Code   134  stm32f10x_usart.o(i.USART_DeInit)
    USART_GetFlagStatus                      0x0800ba25   Thumb Code    26  stm32f10x_usart.o(i.USART_GetFlagStatus)
    USART_GetITStatus                        0x0800ba3f   Thumb Code    84  stm32f10x_usart.o(i.USART_GetITStatus)
    USART_ITConfig                           0x0800ba93   Thumb Code    74  stm32f10x_usart.o(i.USART_ITConfig)
    USART_Init                               0x0800badd   Thumb Code   210  stm32f10x_usart.o(i.USART_Init)
    USART_ReceiveData                        0x0800bbb5   Thumb Code    10  stm32f10x_usart.o(i.USART_ReceiveData)
    USART_SendData                           0x0800bbbf   Thumb Code     8  stm32f10x_usart.o(i.USART_SendData)
    UltraSoundInit                           0x0800bbc9   Thumb Code   148  ultrasonicctrol.o(i.UltraSoundInit)
    UsageFault_Handler                       0x0800bc61   Thumb Code     4  stm32f10x_it.o(i.UsageFault_Handler)
    UserLEDInit                              0x0800bc65   Thumb Code    42  interface.o(i.UserLEDInit)
    User_PidSpeedControl                     0x0800bc95   Thumb Code   204  pidcontroller.o(i.User_PidSpeedControl)
    W25QXX_Erase_Sector                      0x0800bd9d   Thumb Code    70  w25qxx.o(i.W25QXX_Erase_Sector)
    W25QXX_Init                              0x0800bdf5   Thumb Code    74  w25qxx.o(i.W25QXX_Init)
    W25QXX_Read                              0x0800be4d   Thumb Code    74  w25qxx.o(i.W25QXX_Read)
    W25QXX_ReadID                            0x0800be9d   Thumb Code    64  w25qxx.o(i.W25QXX_ReadID)
    W25QXX_ReadSR                            0x0800bee5   Thumb Code    36  w25qxx.o(i.W25QXX_ReadSR)
    W25QXX_Wait_Busy                         0x0800bf11   Thumb Code    18  w25qxx.o(i.W25QXX_Wait_Busy)
    W25QXX_Write                             0x0800bf25   Thumb Code   180  w25qxx.o(i.W25QXX_Write)
    W25QXX_Write_Enable                      0x0800bfdd   Thumb Code    24  w25qxx.o(i.W25QXX_Write_Enable)
    W25QXX_Write_NoCheck                     0x0800bffd   Thumb Code    70  w25qxx.o(i.W25QXX_Write_NoCheck)
    W25QXX_Write_Page                        0x0800c045   Thumb Code    80  w25qxx.o(i.W25QXX_Write_Page)
    __ARM_fpclassify                         0x0800c099   Thumb Code    40  fpclassify.o(i.__ARM_fpclassify)
    _is_digit                                0x0800c0c1   Thumb Code    14  __printf_wp.o(i._is_digit)
    _sys_exit                                0x0800c0cf   Thumb Code     6  usart.o(i._sys_exit)
    atk_8266_at_response                     0x0800c0d5   Thumb Code    46  common.o(i.atk_8266_at_response)
    atk_8266_check_cmd                       0x0800c111   Thumb Code    44  common.o(i.atk_8266_check_cmd)
    atk_8266_consta_check                    0x0800c145   Thumb Code    36  common.o(i.atk_8266_consta_check)
    atk_8266_get_wanip                       0x0800c189   Thumb Code    58  common.o(i.atk_8266_get_wanip)
    atk_8266_msg_show                        0x0800c1dd   Thumb Code   648  common.o(i.atk_8266_msg_show)
    atk_8266_mtest_ui                        0x0800c531   Thumb Code   166  common.o(i.atk_8266_mtest_ui)
    atk_8266_quit_trans                      0x0800c635   Thumb Code   100  common.o(i.atk_8266_quit_trans)
    atk_8266_send_cmd                        0x0800c6a5   Thumb Code    92  common.o(i.atk_8266_send_cmd)
    atk_8266_send_data                       0x0800c719   Thumb Code    84  common.o(i.atk_8266_send_data)
    atk_8266_test                            0x0800c775   Thumb Code   188  common.o(i.atk_8266_test)
    atk_8266_wifiap_test                     0x0800c891   Thumb Code   616  wifiap.o(i.atk_8266_wifiap_test)
    atk_8266_wificonf_show                   0x0800cc2d   Thumb Code   230  common.o(i.atk_8266_wificonf_show)
    bh_data_read                             0x0800cd35   Thumb Code    50  light.o(i.bh_data_read)
    bh_data_send                             0x0800cd67   Thumb Code    40  light.o(i.bh_data_send)
    convert_from_bytes_to_power_of_two       0x0800ce21   Thumb Code    18  sdio_sdcard.o(i.convert_from_bytes_to_power_of_two)
    delay_init                               0x0800ce35   Thumb Code    50  delay.o(i.delay_init)
    delay_ms                                 0x0800ce79   Thumb Code    72  delay.o(i.delay_ms)
    delay_us                                 0x0800cec5   Thumb Code    72  delay.o(i.delay_us)
    disk_initialize                          0x0800cf11   Thumb Code    52  diskio.o(i.disk_initialize)
    disk_read                                0x0800cf49   Thumb Code   122  diskio.o(i.disk_read)
    disk_status                              0x0800cfc3   Thumb Code     6  diskio.o(i.disk_status)
    disk_write                               0x0800cfc9   Thumb Code   122  diskio.o(i.disk_write)
    exfuns_init                              0x0800d045   Thumb Code   114  exfuns.o(i.exfuns_init)
    f_mount                                  0x0800d0c9   Thumb Code    86  ff.o(i.f_mount)
    font_init                                0x0800d4b9   Thumb Code    64  fontupd.o(i.font_init)
    fputc                                    0x0800d4fd   Thumb Code    24  usart.o(i.fputc)
    main                                     0x0800d565   Thumb Code   548  main.o(i.main)
    my_mem_free                              0x0800d849   Thumb Code    96  malloc.o(i.my_mem_free)
    my_mem_init                              0x0800d8b5   Thumb Code    54  malloc.o(i.my_mem_init)
    my_mem_malloc                            0x0800d8f9   Thumb Code   156  malloc.o(i.my_mem_malloc)
    my_mem_perused                           0x0800d9a1   Thumb Code    54  malloc.o(i.my_mem_perused)
    myfree                                   0x0800d9e1   Thumb Code    30  malloc.o(i.myfree)
    mymalloc                                 0x0800da05   Thumb Code    34  malloc.o(i.mymalloc)
    mymemset                                 0x0800da2d   Thumb Code    20  malloc.o(i.mymemset)
    read_addr                                0x0800da41   Thumb Code     6  usmart.o(i.read_addr)
    send_data                                0x0800da49   Thumb Code   204  main.o(i.send_data)
    send_mode                                0x0800db61   Thumb Code    62  main.o(i.send_mode)
    sqrt                                     0x0800dbed   Thumb Code    76  sqrt.o(i.sqrt)
    u3_printf                                0x0800dc8d   Thumb Code    72  usart3.o(i.u3_printf)
    uart_init                                0x0800dcdd   Thumb Code   152  usart.o(i.uart_init)
    usart3_init                              0x0800dd7d   Thumb Code   192  usart3.o(i.usart3_init)
    usmart_cmd_rec                           0x0800de4d   Thumb Code   170  usmart.o(i.usmart_cmd_rec)
    usmart_exe                               0x0800defd   Thumb Code   632  usmart.o(i.usmart_exe)
    usmart_get_aparm                         0x0800e1d1   Thumb Code   200  usmart_str.o(i.usmart_get_aparm)
    usmart_get_cmdname                       0x0800e299   Thumb Code    54  usmart_str.o(i.usmart_get_cmdname)
    usmart_get_fname                         0x0800e2d1   Thumb Code   440  usmart_str.o(i.usmart_get_fname)
    usmart_get_fparam                        0x0800e491   Thumb Code   262  usmart_str.o(i.usmart_get_fparam)
    usmart_get_parmpos                       0x0800e59d   Thumb Code    26  usmart_str.o(i.usmart_get_parmpos)
    usmart_get_runtime                       0x0800e5bd   Thumb Code    60  usmart.o(i.usmart_get_runtime)
    usmart_init                              0x0800e601   Thumb Code    36  usmart.o(i.usmart_init)
    usmart_pow                               0x0800e629   Thumb Code    22  usmart_str.o(i.usmart_pow)
    usmart_reset_runtime                     0x0800e641   Thumb Code    38  usmart.o(i.usmart_reset_runtime)
    usmart_scan                              0x0800e671   Thumb Code   120  usmart.o(i.usmart_scan)
    usmart_search_nextc                      0x0800e72d   Thumb Code    22  usmart_str.o(i.usmart_search_nextc)
    usmart_str2num                           0x0800e743   Thumb Code   202  usmart_str.o(i.usmart_str2num)
    usmart_strcmp                            0x0800e80d   Thumb Code    34  usmart_str.o(i.usmart_strcmp)
    usmart_strcopy                           0x0800e82f   Thumb Code    22  usmart_str.o(i.usmart_strcopy)
    usmart_strlen                            0x0800e845   Thumb Code    24  usmart_str.o(i.usmart_strlen)
    usmart_sys_cmd_exe                       0x0800e85d   Thumb Code  1554  usmart.o(i.usmart_sys_cmd_exe)
    write_addr                               0x0800ef41   Thumb Code     4  usmart.o(i.write_addr)
    _get_lc_numeric                          0x0800ef45   Thumb Code    44  lc_numeric_c.o(locale$$code)
    _get_lc_ctype                            0x0800ef71   Thumb Code    44  lc_ctype_c.o(locale$$code)
    __aeabi_d2f                              0x0800ef9d   Thumb Code     0  d2f.o(x$fpl$d2f)
    _d2f                                     0x0800ef9d   Thumb Code    98  d2f.o(x$fpl$d2f)
    __aeabi_dadd                             0x0800f001   Thumb Code     0  daddsub_clz.o(x$fpl$dadd)
    _dadd                                    0x0800f001   Thumb Code   332  daddsub_clz.o(x$fpl$dadd)
    __fpl_dcmp_Inf                           0x0800f151   Thumb Code    24  dcmpi.o(x$fpl$dcmpinf)
    __aeabi_ddiv                             0x0800f169   Thumb Code     0  ddiv.o(x$fpl$ddiv)
    _ddiv                                    0x0800f169   Thumb Code   552  ddiv.o(x$fpl$ddiv)
    __aeabi_d2iz                             0x0800f419   Thumb Code     0  dfix.o(x$fpl$dfix)
    _dfix                                    0x0800f419   Thumb Code    94  dfix.o(x$fpl$dfix)
    __aeabi_d2uiz                            0x0800f479   Thumb Code     0  dfixu.o(x$fpl$dfixu)
    _dfixu                                   0x0800f479   Thumb Code    90  dfixu.o(x$fpl$dfixu)
    __aeabi_i2d                              0x0800f4d3   Thumb Code     0  dflt_clz.o(x$fpl$dflt)
    _dflt                                    0x0800f4d3   Thumb Code    46  dflt_clz.o(x$fpl$dflt)
    __aeabi_ui2d                             0x0800f501   Thumb Code     0  dflt_clz.o(x$fpl$dfltu)
    _dfltu                                   0x0800f501   Thumb Code    38  dflt_clz.o(x$fpl$dfltu)
    __aeabi_cdcmple                          0x0800f529   Thumb Code     0  dleqf.o(x$fpl$dleqf)
    _dcmple                                  0x0800f529   Thumb Code   120  dleqf.o(x$fpl$dleqf)
    __fpl_dcmple_InfNaN                      0x0800f58b   Thumb Code     0  dleqf.o(x$fpl$dleqf)
    __aeabi_dmul                             0x0800f5a1   Thumb Code     0  dmul.o(x$fpl$dmul)
    _dmul                                    0x0800f5a1   Thumb Code   332  dmul.o(x$fpl$dmul)
    __fpl_dnaninf                            0x0800f6f5   Thumb Code   156  dnaninf.o(x$fpl$dnaninf)
    __fpl_dretinf                            0x0800f791   Thumb Code    12  dretinf.o(x$fpl$dretinf)
    __aeabi_cdrcmple                         0x0800f79d   Thumb Code     0  drleqf.o(x$fpl$drleqf)
    _drcmple                                 0x0800f79d   Thumb Code   108  drleqf.o(x$fpl$drleqf)
    __aeabi_drsub                            0x0800f809   Thumb Code     0  daddsub_clz.o(x$fpl$drsb)
    _drsb                                    0x0800f809   Thumb Code    22  daddsub_clz.o(x$fpl$drsb)
    _dsqrt                                   0x0800f821   Thumb Code   456  dsqrt_noumaal.o(x$fpl$dsqrt)
    __aeabi_dsub                             0x0800f9ed   Thumb Code     0  daddsub_clz.o(x$fpl$dsub)
    _dsub                                    0x0800f9ed   Thumb Code   464  daddsub_clz.o(x$fpl$dsub)
    __aeabi_f2d                              0x0800fbc1   Thumb Code     0  f2d.o(x$fpl$f2d)
    _f2d                                     0x0800fbc1   Thumb Code    86  f2d.o(x$fpl$f2d)
    __aeabi_fadd                             0x0800fc19   Thumb Code     0  faddsub_clz.o(x$fpl$fadd)
    _fadd                                    0x0800fc19   Thumb Code   196  faddsub_clz.o(x$fpl$fadd)
    __fpl_fcmp_Inf                           0x0800fcdd   Thumb Code    24  fcmpi.o(x$fpl$fcmpinf)
    __aeabi_fdiv                             0x0800fcf5   Thumb Code     0  fdiv.o(x$fpl$fdiv)
    _fdiv                                    0x0800fcf5   Thumb Code   384  fdiv.o(x$fpl$fdiv)
    __aeabi_cfcmpeq                          0x0800fe79   Thumb Code     0  feqf.o(x$fpl$feqf)
    _fcmpeq                                  0x0800fe79   Thumb Code   104  feqf.o(x$fpl$feqf)
    __aeabi_f2iz                             0x0800fee1   Thumb Code     0  ffix.o(x$fpl$ffix)
    _ffix                                    0x0800fee1   Thumb Code    54  ffix.o(x$fpl$ffix)
    __aeabi_f2uiz                            0x0800ff19   Thumb Code     0  ffixu.o(x$fpl$ffixu)
    _ffixu                                   0x0800ff19   Thumb Code    62  ffixu.o(x$fpl$ffixu)
    __aeabi_i2f                              0x0800ff59   Thumb Code     0  fflt_clz.o(x$fpl$fflt)
    _fflt                                    0x0800ff59   Thumb Code    48  fflt_clz.o(x$fpl$fflt)
    __aeabi_ui2f                             0x0800ff89   Thumb Code     0  fflt_clz.o(x$fpl$ffltu)
    _ffltu                                   0x0800ff89   Thumb Code    38  fflt_clz.o(x$fpl$ffltu)
    __aeabi_cfcmple                          0x0800ffb1   Thumb Code     0  fleqf.o(x$fpl$fleqf)
    _fcmple                                  0x0800ffb1   Thumb Code   104  fleqf.o(x$fpl$fleqf)
    __fpl_fcmple_InfNaN                      0x08010003   Thumb Code     0  fleqf.o(x$fpl$fleqf)
    __aeabi_fmul                             0x08010019   Thumb Code     0  fmul.o(x$fpl$fmul)
    _fmul                                    0x08010019   Thumb Code   258  fmul.o(x$fpl$fmul)
    __fpl_fnaninf                            0x0801011b   Thumb Code   140  fnaninf.o(x$fpl$fnaninf)
    __fpl_fretinf                            0x080101a7   Thumb Code    10  fretinf.o(x$fpl$fretinf)
    __aeabi_cfrcmple                         0x080101b1   Thumb Code     0  frleqf.o(x$fpl$frleqf)
    _frcmple                                 0x080101b1   Thumb Code    98  frleqf.o(x$fpl$frleqf)
    __aeabi_fsub                             0x08010215   Thumb Code     0  faddsub_clz.o(x$fpl$fsub)
    _fsub                                    0x08010215   Thumb Code   234  faddsub_clz.o(x$fpl$fsub)
    _printf_fp_dec                           0x080102ff   Thumb Code     4  printf1.o(x$fpl$printf1)
    __I$use$fp                               0x08010302   Number         0  usenofp.o(x$fpl$usenofp)
    asc2_1206                                0x08010302   Data        1140  lcd.o(.constdata)
    asc2_1608                                0x08010776   Data        1520  lcd.o(.constdata)
    asc2_2412                                0x08010d66   Data        3420  lcd.o(.constdata)
    FT5206_TPX_TBL                           0x08011ac2   Data          10  ft5206.o(.constdata)
    GT9147_CFG_TBL                           0x08011acc   Data         184  gt9147.o(.constdata)
    GT9147_TPX_TBL                           0x08011b84   Data          10  gt9147.o(.constdata)
    OTT_TPX_TBL                              0x08011b8e   Data          10  ott2001a.o(.constdata)
    TP_REMIND_MSG_TBL                        0x08011b98   Data           4  touch.o(.constdata)
    memtblsize                               0x08011b9c   Data           8  malloc.o(.constdata)
    memblksize                               0x08011ba4   Data           8  malloc.o(.constdata)
    memsize                                  0x08011bac   Data           8  malloc.o(.constdata)
    Region$$Table$$Base                      0x08011eac   Number         0  anon$$obj.o(Region$$Table)
    Region$$Table$$Limit                     0x08011ecc   Number         0  anon$$obj.o(Region$$Table)
    __ctype                                  0x08011ef5   Data           0  lc_ctype_c.o(locale$$data)
    speed_count                              0x20000000   Data           4  main.o(.data)
    front_left_speed_duty                    0x20000004   Data           4  main.o(.data)
    front_right_speed_duty                   0x20000008   Data           4  main.o(.data)
    behind_left_speed_duty                   0x2000000c   Data           4  main.o(.data)
    behind_right_speed_duty                  0x20000010   Data           4  main.o(.data)
    tick_5ms                                 0x20000014   Data           1  main.o(.data)
    tick_1ms                                 0x20000015   Data           1  main.o(.data)
    mea_1ms                                  0x20000018   Data           4  main.o(.data)
    tick_200ms                               0x2000001c   Data           1  main.o(.data)
    ctrl_comm                                0x2000001d   Data           1  main.o(.data)
    ctrl_comm_last                           0x2000001e   Data           1  main.o(.data)
    continue_time                            0x2000001f   Data           1  main.o(.data)
    front_right_speed_temp                   0x20000021   Data           1  stm32f10x_it.o(.data)
    SystemCoreClock                          0x20000024   Data           4  system_stm32f10x.o(.data)
    AHBPrescTable                            0x20000028   Data          16  system_stm32f10x.o(.data)
    __stdout                                 0x2000003c   Data           4  usart.o(.data)
    USART_RX_STA                             0x20000040   Data           2  usart.o(.data)
    POINT_COLOR                              0x20000044   Data           2  lcd.o(.data)
    BACK_COLOR                               0x20000046   Data           2  lcd.o(.data)
    TransferError                            0x20000052   Data           1  sdio_sdcard.o(.data)
    TransferEnd                              0x20000053   Data           1  sdio_sdcard.o(.data)
    tempbuff                                 0x20000054   Data           4  sdio_sdcard.o(.data)
    tp_dev                                   0x2000005c   Data          52  touch.o(.data)
    CMD_RDX                                  0x20000090   Data           1  touch.o(.data)
    CMD_RDY                                  0x20000091   Data           1  touch.o(.data)
    USART3_RX_STA                            0x20000092   Data           2  usart3.o(.data)
    W25QXX_TYPE                              0x20000094   Data           2  w25qxx.o(.data)
    mallco_dev                               0x200000ac   Data          28  malloc.o(.data)
    sys_cmd_tab                              0x200000c8   Data          28  usmart.o(.data)
    usmart_nametab                           0x200000e4   Data          32  usmart_config.o(.data)
    usmart_dev                               0x20000104   Data         244  usmart_config.o(.data)
    FLASH_SECTOR_COUNT                       0x200001f8   Data           2  diskio.o(.data)
    fs                                       0x20000208   Data           8  exfuns.o(.data)
    file                                     0x20000210   Data           4  exfuns.o(.data)
    ftemp                                    0x20000214   Data           4  exfuns.o(.data)
    br                                       0x20000218   Data           4  exfuns.o(.data)
    bw                                       0x2000021c   Data           4  exfuns.o(.data)
    fatbuf                                   0x20000220   Data           4  exfuns.o(.data)
    portnum                                  0x20000224   Data           4  common.o(.data)
    wifista_ssid                             0x20000228   Data           4  common.o(.data)
    wifista_encryption                       0x2000022c   Data           4  common.o(.data)
    wifista_password                         0x20000230   Data           4  common.o(.data)
    wifiap_ssid                              0x20000234   Data           4  common.o(.data)
    wifiap_encryption                        0x20000238   Data           4  common.o(.data)
    wifiap_password                          0x2000023c   Data           4  common.o(.data)
    ATK_ESP8266_CWMODE_TBL                   0x20000240   Data          12  common.o(.data)
    ATK_ESP8266_WORKMODE_TBL                 0x2000024c   Data          12  common.o(.data)
    ATK_ESP8266_ECN_TBL                      0x20000258   Data          20  common.o(.data)
    kbd_tbl                                  0x2000026c   Data          52  common.o(.data)
    kbd_fn_tbl                               0x200002a0   Data           8  common.o(.data)
    front_right_speed                        0x200002ac   Data           4  speedctrol.o(.data)
    status                                   0x200002b0   Data           1  ultrasonicctrol.o(.data)
    dis_count                                0x200002b4   Data           4  ultrasonicctrol.o(.data)
    distance_cm                              0x200002b8   Data           4  ultrasonicctrol.o(.data)
    t2_full_count                            0x200002bc   Data           1  ultrasonicctrol.o(.data)
    front_run_count                          0x200002c4   Data           1  rundistance.o(.data)
    front_run_temp                           0x200002c8   Data           4  rundistance.o(.data)
    spdTag                                   0x200002d0   Data           4  pidcontroller.o(.data)
    spdNow                                   0x200002d4   Data           4  pidcontroller.o(.data)
    control                                  0x200002d8   Data           4  pidcontroller.o(.data)
    USART_RX_BUF                             0x200002dc   Data         200  usart.o(.bss)
    lcddev                                   0x200003a4   Data          14  lcd.o(.bss)
    SDIO_InitStructure                       0x200003b8   Data          24  sdio_sdcard.o(.bss)
    SDIO_CmdInitStructure                    0x200003d0   Data          20  sdio_sdcard.o(.bss)
    SDIO_DataInitStructure                   0x200003e4   Data          24  sdio_sdcard.o(.bss)
    SDCardInfo                               0x20000420   Data          88  sdio_sdcard.o(.bss)
    SDIO_DATA_BUFFER                         0x20000478   Data         512  sdio_sdcard.o(.bss)
    USART3_RX_BUF                            0x20000678   Data         600  usart3.o(.bss)
    USART3_TX_BUF                            0x200008d0   Data         600  usart3.o(.bss)
    W25QXX_BUFFER                            0x20000b28   Data        4096  w25qxx.o(.bss)
    mem1base                                 0x20001b40   Data       40960  malloc.o(.bss)
    mem1mapbase                              0x2000bb40   Data        2560  malloc.o(.bss)
    ftinfo                                   0x2000c540   Data          33  fontupd.o(.bss)
    PID_Control                              0x2000c564   Data          40  pidcontroller.o(.bss)
    __libspace_start                         0x2000c58c   Data          96  libspace.o(.bss)
    __temporary_stack_top$libspace           0x2000c5ec   Data           0  libspace.o(.bss)
    mem2base                                 0x68000000   Data       983040  malloc.o(.ARM.__AT_0x68000000)
    mem2mapbase                              0x680f0000   Data       61440  malloc.o(.ARM.__AT_0x680F0000)



==============================================================================

Memory Map of the image

  Image Entry point : 0x08000131

  Load Region LR_IROM1 (Base: 0x08000000, Size: 0x000122d4, Max: 0x00080000, ABSOLUTE, COMPRESSED[0x000120f0])

    Execution Region ER_IROM1 (Base: 0x08000000, Size: 0x00011ff8, Max: 0x00080000, ABSOLUTE)

    Base Addr    Size         Type   Attr      Idx    E Section Name        Object

    0x08000000   0x00000130   Data   RO          414    RESET               startup_stm32f10x_hd.o
    0x08000130   0x00000008   Code   RO         4646  * !!!main             c_w.l(__main.o)
    0x08000138   0x00000034   Code   RO         5021    !!!scatter          c_w.l(__scatter.o)
    0x0800016c   0x0000005a   Code   RO         5019    !!dczerorl2         c_w.l(__dczerorl2.o)
    0x080001c6   0x00000002   PAD
    0x080001c8   0x0000001c   Code   RO         5023    !!handler_zi        c_w.l(__scatter_zi.o)
    0x080001e4   0x00000000   Code   RO         4629    .ARM.Collect$$_printf_percent$$00000000  c_w.l(_printf_percent.o)
    0x080001e4   0x00000006   Code   RO         4763    .ARM.Collect$$_printf_percent$$00000001  c_w.l(_printf_n.o)
    0x080001ea   0x00000006   Code   RO         4764    .ARM.Collect$$_printf_percent$$00000002  c_w.l(_printf_p.o)
    0x080001f0   0x00000006   Code   RO         4767    .ARM.Collect$$_printf_percent$$00000003  c_w.l(_printf_f.o)
    0x080001f6   0x00000006   Code   RO         4768    .ARM.Collect$$_printf_percent$$00000004  c_w.l(_printf_e.o)
    0x080001fc   0x00000006   Code   RO         4628    .ARM.Collect$$_printf_percent$$00000005  c_w.l(_printf_g.o)
    0x08000202   0x00000006   Code   RO         4769    .ARM.Collect$$_printf_percent$$00000006  c_w.l(_printf_a.o)
    0x08000208   0x0000000a   Code   RO         4774    .ARM.Collect$$_printf_percent$$00000007  c_w.l(_printf_ll.o)
    0x08000212   0x00000006   Code   RO         4766    .ARM.Collect$$_printf_percent$$00000008  c_w.l(_printf_i.o)
    0x08000218   0x00000006   Code   RO         4626    .ARM.Collect$$_printf_percent$$00000009  c_w.l(_printf_d.o)
    0x0800021e   0x00000006   Code   RO         4627    .ARM.Collect$$_printf_percent$$0000000A  c_w.l(_printf_u.o)
    0x08000224   0x00000006   Code   RO         4765    .ARM.Collect$$_printf_percent$$0000000B  c_w.l(_printf_o.o)
    0x0800022a   0x00000006   Code   RO         4625    .ARM.Collect$$_printf_percent$$0000000C  c_w.l(_printf_x.o)
    0x08000230   0x00000006   Code   RO         4771    .ARM.Collect$$_printf_percent$$0000000D  c_w.l(_printf_lli.o)
    0x08000236   0x00000006   Code   RO         4772    .ARM.Collect$$_printf_percent$$0000000E  c_w.l(_printf_lld.o)
    0x0800023c   0x00000006   Code   RO         4773    .ARM.Collect$$_printf_percent$$0000000F  c_w.l(_printf_llu.o)
    0x08000242   0x00000006   Code   RO         4778    .ARM.Collect$$_printf_percent$$00000010  c_w.l(_printf_llo.o)
    0x08000248   0x00000006   Code   RO         4779    .ARM.Collect$$_printf_percent$$00000011  c_w.l(_printf_llx.o)
    0x0800024e   0x0000000a   Code   RO         4775    .ARM.Collect$$_printf_percent$$00000012  c_w.l(_printf_l.o)
    0x08000258   0x00000006   Code   RO         4623    .ARM.Collect$$_printf_percent$$00000013  c_w.l(_printf_c.o)
    0x0800025e   0x00000006   Code   RO         4624    .ARM.Collect$$_printf_percent$$00000014  c_w.l(_printf_s.o)
    0x08000264   0x00000006   Code   RO         4776    .ARM.Collect$$_printf_percent$$00000015  c_w.l(_printf_lc.o)
    0x0800026a   0x00000006   Code   RO         4777    .ARM.Collect$$_printf_percent$$00000016  c_w.l(_printf_ls.o)
    0x08000270   0x00000004   Code   RO         4770    .ARM.Collect$$_printf_percent$$00000017  c_w.l(_printf_percent_end.o)
    0x08000274   0x00000002   Code   RO         4892    .ARM.Collect$$libinit$$00000000  c_w.l(libinit.o)
    0x08000276   0x00000000   Code   RO         4894    .ARM.Collect$$libinit$$00000002  c_w.l(libinit2.o)
    0x08000276   0x00000000   Code   RO         4896    .ARM.Collect$$libinit$$00000004  c_w.l(libinit2.o)
    0x08000276   0x00000000   Code   RO         4899    .ARM.Collect$$libinit$$0000000A  c_w.l(libinit2.o)
    0x08000276   0x00000000   Code   RO         4901    .ARM.Collect$$libinit$$0000000C  c_w.l(libinit2.o)
    0x08000276   0x00000000   Code   RO         4903    .ARM.Collect$$libinit$$0000000E  c_w.l(libinit2.o)
    0x08000276   0x00000006   Code   RO         4904    .ARM.Collect$$libinit$$0000000F  c_w.l(libinit2.o)
    0x0800027c   0x00000000   Code   RO         4906    .ARM.Collect$$libinit$$00000011  c_w.l(libinit2.o)
    0x0800027c   0x0000000c   Code   RO         4907    .ARM.Collect$$libinit$$00000012  c_w.l(libinit2.o)
    0x08000288   0x00000000   Code   RO         4908    .ARM.Collect$$libinit$$00000013  c_w.l(libinit2.o)
    0x08000288   0x00000000   Code   RO         4910    .ARM.Collect$$libinit$$00000015  c_w.l(libinit2.o)
    0x08000288   0x0000000a   Code   RO         4911    .ARM.Collect$$libinit$$00000016  c_w.l(libinit2.o)
    0x08000292   0x00000000   Code   RO         4912    .ARM.Collect$$libinit$$00000017  c_w.l(libinit2.o)
    0x08000292   0x00000000   Code   RO         4914    .ARM.Collect$$libinit$$00000019  c_w.l(libinit2.o)
    0x08000292   0x00000000   Code   RO         4916    .ARM.Collect$$libinit$$0000001B  c_w.l(libinit2.o)
    0x08000292   0x00000000   Code   RO         4918    .ARM.Collect$$libinit$$0000001D  c_w.l(libinit2.o)
    0x08000292   0x00000000   Code   RO         4920    .ARM.Collect$$libinit$$0000001F  c_w.l(libinit2.o)
    0x08000292   0x00000000   Code   RO         4922    .ARM.Collect$$libinit$$00000021  c_w.l(libinit2.o)
    0x08000292   0x00000000   Code   RO         4924    .ARM.Collect$$libinit$$00000023  c_w.l(libinit2.o)
    0x08000292   0x00000000   Code   RO         4926    .ARM.Collect$$libinit$$00000025  c_w.l(libinit2.o)
    0x08000292   0x00000000   Code   RO         4930    .ARM.Collect$$libinit$$0000002C  c_w.l(libinit2.o)
    0x08000292   0x00000000   Code   RO         4932    .ARM.Collect$$libinit$$0000002E  c_w.l(libinit2.o)
    0x08000292   0x00000000   Code   RO         4934    .ARM.Collect$$libinit$$00000030  c_w.l(libinit2.o)
    0x08000292   0x00000000   Code   RO         4936    .ARM.Collect$$libinit$$00000032  c_w.l(libinit2.o)
    0x08000292   0x00000002   Code   RO         4937    .ARM.Collect$$libinit$$00000033  c_w.l(libinit2.o)
    0x08000294   0x00000002   Code   RO         4979    .ARM.Collect$$libshutdown$$00000000  c_w.l(libshutdown.o)
    0x08000296   0x00000000   Code   RO         4988    .ARM.Collect$$libshutdown$$00000002  c_w.l(libshutdown2.o)
    0x08000296   0x00000000   Code   RO         4990    .ARM.Collect$$libshutdown$$00000004  c_w.l(libshutdown2.o)
    0x08000296   0x00000000   Code   RO         4993    .ARM.Collect$$libshutdown$$00000007  c_w.l(libshutdown2.o)
    0x08000296   0x00000000   Code   RO         4996    .ARM.Collect$$libshutdown$$0000000A  c_w.l(libshutdown2.o)
    0x08000296   0x00000000   Code   RO         4998    .ARM.Collect$$libshutdown$$0000000C  c_w.l(libshutdown2.o)
    0x08000296   0x00000000   Code   RO         5001    .ARM.Collect$$libshutdown$$0000000F  c_w.l(libshutdown2.o)
    0x08000296   0x00000002   Code   RO         5002    .ARM.Collect$$libshutdown$$00000010  c_w.l(libshutdown2.o)
    0x08000298   0x00000000   Code   RO         4726    .ARM.Collect$$rtentry$$00000000  c_w.l(__rtentry.o)
    0x08000298   0x00000000   Code   RO         4803    .ARM.Collect$$rtentry$$00000002  c_w.l(__rtentry2.o)
    0x08000298   0x00000006   Code   RO         4815    .ARM.Collect$$rtentry$$00000004  c_w.l(__rtentry4.o)
    0x0800029e   0x00000000   Code   RO         4805    .ARM.Collect$$rtentry$$00000009  c_w.l(__rtentry2.o)
    0x0800029e   0x00000004   Code   RO         4806    .ARM.Collect$$rtentry$$0000000A  c_w.l(__rtentry2.o)
    0x080002a2   0x00000000   Code   RO         4808    .ARM.Collect$$rtentry$$0000000C  c_w.l(__rtentry2.o)
    0x080002a2   0x00000008   Code   RO         4809    .ARM.Collect$$rtentry$$0000000D  c_w.l(__rtentry2.o)
    0x080002aa   0x00000002   Code   RO         4938    .ARM.Collect$$rtexit$$00000000  c_w.l(rtexit.o)
    0x080002ac   0x00000000   Code   RO         4949    .ARM.Collect$$rtexit$$00000002  c_w.l(rtexit2.o)
    0x080002ac   0x00000004   Code   RO         4950    .ARM.Collect$$rtexit$$00000003  c_w.l(rtexit2.o)
    0x080002b0   0x00000006   Code   RO         4951    .ARM.Collect$$rtexit$$00000004  c_w.l(rtexit2.o)
    0x080002b6   0x00000002   PAD
    0x080002b8   0x00000040   Code   RO          415    .text               startup_stm32f10x_hd.o
    0x080002f8   0x00000002   Code   RO         4560    .text               c_w.l(use_no_semi_2.o)
    0x080002fa   0x00000002   PAD
    0x080002fc   0x00000024   Code   RO         4564    .text               c_w.l(c89vsprintf.o)
    0x08000320   0x00000018   Code   RO         4566    .text               c_w.l(__2printf.o)
    0x08000338   0x0000002c   Code   RO         4568    .text               c_w.l(__2sprintf.o)
    0x08000364   0x0000004e   Code   RO         4576    .text               c_w.l(_printf_pad.o)
    0x080003b2   0x00000052   Code   RO         4578    .text               c_w.l(_printf_str.o)
    0x08000404   0x00000078   Code   RO         4580    .text               c_w.l(_printf_dec.o)
    0x0800047c   0x00000094   Code   RO         4600    .text               c_w.l(_printf_hex_int_ll_ptr.o)
    0x08000510   0x00000188   Code   RO         4620    .text               c_w.l(__printf_flags_ss_wp.o)
    0x08000698   0x0000001a   Code   RO         4630    .text               c_w.l(atoi.o)
    0x080006b2   0x00000024   Code   RO         4632    .text               c_w.l(strstr.o)
    0x080006d6   0x0000003e   Code   RO         4636    .text               c_w.l(strlen.o)
    0x08000714   0x00000018   Code   RO         4638    .text               c_w.l(strcat.o)
    0x0800072c   0x0000008a   Code   RO         4640    .text               c_w.l(rt_memcpy_v6.o)
    0x080007b6   0x00000002   PAD
    0x080007b8   0x00000080   Code   RO         4642    .text               c_w.l(strcmpv7m.o)
    0x08000838   0x00000006   Code   RO         4644    .text               c_w.l(heapauxi.o)
    0x0800083e   0x00000002   Code   RO         4724    .text               c_w.l(use_no_semi.o)
    0x08000840   0x00000008   Code   RO         4730    .text               c_w.l(rt_errno_addr_intlibspace.o)
    0x08000848   0x00000016   Code   RO         4734    .text               c_w.l(_rserrno.o)
    0x0800085e   0x00000024   Code   RO         4736    .text               c_w.l(_printf_truncate.o)
    0x08000882   0x000000b2   Code   RO         4738    .text               c_w.l(_printf_intcommon.o)
    0x08000934   0x00000028   Code   RO         4740    .text               c_w.l(_printf_charcount.o)
    0x0800095c   0x0000041a   Code   RO         4742    .text               c_w.l(_printf_fp_dec.o)
    0x08000d76   0x00000002   PAD
    0x08000d78   0x00000030   Code   RO         4744    .text               c_w.l(_printf_char_common.o)
    0x08000da8   0x0000000a   Code   RO         4746    .text               c_w.l(_sputc.o)
    0x08000db2   0x0000002c   Code   RO         4748    .text               c_w.l(_printf_char.o)
    0x08000dde   0x00000002   PAD
    0x08000de0   0x00000024   Code   RO         4750    .text               c_w.l(_printf_char_file.o)
    0x08000e04   0x000000bc   Code   RO         4752    .text               c_w.l(_printf_wctomb.o)
    0x08000ec0   0x0000007c   Code   RO         4755    .text               c_w.l(_printf_longlong_dec.o)
    0x08000f3c   0x00000070   Code   RO         4761    .text               c_w.l(_printf_oct_int_ll.o)
    0x08000fac   0x00000070   Code   RO         4780    .text               c_w.l(strtol.o)
    0x0800101c   0x00000064   Code   RO         4782    .text               c_w.l(rt_memcpy_w.o)
    0x08001080   0x00000008   Code   RO         4799    .text               c_w.l(libspace.o)
    0x08001088   0x00000010   Code   RO         4817    .text               c_w.l(rt_ctype_table.o)
    0x08001098   0x00000008   Code   RO         4826    .text               c_w.l(rt_locale_intlibspace.o)
    0x080010a0   0x0000008a   Code   RO         4828    .text               c_w.l(lludiv10.o)
    0x0800112a   0x00000002   PAD
    0x0800112c   0x00000080   Code   RO         4830    .text               c_w.l(_printf_fp_infnan.o)
    0x080011ac   0x0000002c   Code   RO         4834    .text               c_w.l(_printf_wchar.o)
    0x080011d8   0x0000009e   Code   RO         4836    .text               c_w.l(_strtoul.o)
    0x08001276   0x00000002   PAD
    0x08001278   0x000000dc   Code   RO         4838    .text               c_w.l(bigflt0.o)
    0x08001354   0x00000008   Code   RO         4863    .text               c_w.l(ferror.o)
    0x0800135c   0x00000040   Code   RO         4867    .text               c_w.l(_wcrtomb.o)
    0x0800139c   0x0000004a   Code   RO         4876    .text               c_w.l(sys_stackheap_outer.o)
    0x080013e6   0x0000001c   Code   RO         4880    .text               c_w.l(_chval.o)
    0x08001402   0x00000012   Code   RO         4885    .text               c_w.l(exit.o)
    0x08001414   0x0000003e   Code   RO         4841    CL$$btod_d2e        c_w.l(btod.o)
    0x08001452   0x00000046   Code   RO         4843    CL$$btod_d2e_denorm_low  c_w.l(btod.o)
    0x08001498   0x00000060   Code   RO         4842    CL$$btod_d2e_norm_op1  c_w.l(btod.o)
    0x080014f8   0x00000338   Code   RO         4851    CL$$btod_div_common  c_w.l(btod.o)
    0x08001830   0x000000c6   Code   RO         4848    CL$$btod_e2e        c_w.l(btod.o)
    0x080018f6   0x00000028   Code   RO         4845    CL$$btod_ediv       c_w.l(btod.o)
    0x0800191e   0x00000028   Code   RO         4844    CL$$btod_emul       c_w.l(btod.o)
    0x08001946   0x00000244   Code   RO         4850    CL$$btod_mult_common  c_w.l(btod.o)
    0x08001b8a   0x00000008   Code   RO          515    i.AT24CXX_Init      24cxx.o
    0x08001b92   0x00000022   Code   RO          516    i.AT24CXX_Read      24cxx.o
    0x08001bb4   0x00000058   Code   RO          518    i.AT24CXX_ReadOneByte  24cxx.o
    0x08001c0c   0x00000024   Code   RO          519    i.AT24CXX_Write     24cxx.o
    0x08001c30   0x00000050   Code   RO          521    i.AT24CXX_WriteOneByte  24cxx.o
    0x08001c80   0x000000b8   Code   RO            1    i.BarrierProc       main.o
    0x08001d38   0x00000004   Code   RO          251    i.BusFault_Handler  stm32f10x_it.o
    0x08001d3c   0x0000000a   Code   RO         1090    i.CT_Delay          ctiic.o
    0x08001d46   0x00000002   PAD
    0x08001d48   0x00000054   Code   RO         1091    i.CT_IIC_Ack        ctiic.o
    0x08001d9c   0x00000050   Code   RO         1092    i.CT_IIC_Init       ctiic.o
    0x08001dec   0x00000054   Code   RO         1093    i.CT_IIC_NAck       ctiic.o
    0x08001e40   0x00000070   Code   RO         1094    i.CT_IIC_Read_Byte  ctiic.o
    0x08001eb0   0x00000064   Code   RO         1095    i.CT_IIC_Send_Byte  ctiic.o
    0x08001f14   0x0000004c   Code   RO         1096    i.CT_IIC_Start      ctiic.o
    0x08001f60   0x00000048   Code   RO         1097    i.CT_IIC_Stop       ctiic.o
    0x08001fa8   0x00000064   Code   RO         1098    i.CT_IIC_Wait_Ack   ctiic.o
    0x0800200c   0x00000028   Code   RO         4244    i.CarBack           motor.o
    0x08002034   0x00000024   Code   RO         4245    i.CarGo             motor.o
    0x08002058   0x0000002c   Code   RO         4246    i.CarLeft           motor.o
    0x08002084   0x00000128   Code   RO         4247    i.CarMove           motor.o
    0x080021ac   0x0000002c   Code   RO         4248    i.CarRight          motor.o
    0x080021d8   0x00000034   Code   RO         4540    i.CarSpeed          pidmotor.o
    0x0800220c   0x00000024   Code   RO         4249    i.CarStop           motor.o
    0x08002230   0x00000084   Code   RO         4541    i.Carpid            pidmotor.o
    0x080022b4   0x00000030   Code   RO          863    i.CmdError          sdio_sdcard.o
    0x080022e4   0x00000060   Code   RO          864    i.CmdResp1Error     sdio_sdcard.o
    0x08002344   0x00000054   Code   RO          865    i.CmdResp2Error     sdio_sdcard.o
    0x08002398   0x00000038   Code   RO          866    i.CmdResp3Error     sdio_sdcard.o
    0x080023d0   0x00000090   Code   RO          867    i.CmdResp6Error     sdio_sdcard.o
    0x08002460   0x0000004c   Code   RO          868    i.CmdResp7Error     sdio_sdcard.o
    0x080024ac   0x00000018   Code   RO         1582    i.DMA_Cmd           stm32f10x_dma.o
    0x080024c4   0x0000014c   Code   RO         1583    i.DMA_DeInit        stm32f10x_dma.o
    0x08002610   0x0000003c   Code   RO         1588    i.DMA_Init          stm32f10x_dma.o
    0x0800264c   0x00000002   Code   RO          252    i.DebugMon_Handler  stm32f10x_it.o
    0x0800264e   0x00000016   Code   RO          253    i.EXTI15_10_IRQHandler  stm32f10x_it.o
    0x08002664   0x0000000c   Code   RO         1653    i.EXTI_ClearITPendingBit  stm32f10x_exti.o
    0x08002670   0x00000028   Code   RO         1657    i.EXTI_GetITStatus  stm32f10x_exti.o
    0x08002698   0x00000094   Code   RO         1658    i.EXTI_Init         stm32f10x_exti.o
    0x0800272c   0x00000034   Code   RO         1717    i.FSMC_NORSRAMCmd   stm32f10x_fsmc.o
    0x08002760   0x000000e6   Code   RO         1719    i.FSMC_NORSRAMInit  stm32f10x_fsmc.o
    0x08002846   0x00000002   PAD
    0x08002848   0x000000f0   Code   RO         1153    i.FT5206_Init       ft5206.o
    0x08002938   0x00000058   Code   RO         1154    i.FT5206_RD_Reg     ft5206.o
    0x08002990   0x0000019c   Code   RO         1155    i.FT5206_Scan       ft5206.o
    0x08002b2c   0x00000052   Code   RO         1156    i.FT5206_WR_Reg     ft5206.o
    0x08002b7e   0x00000002   PAD
    0x08002b80   0x00000194   Code   RO          869    i.FindSCR           sdio_sdcard.o
    0x08002d14   0x0000003c   Code   RO         4308    i.GPIOCLKInit       interface.o
    0x08002d50   0x00000040   Code   RO         1829    i.GPIO_EXTILineConfig  stm32f10x_gpio.o
    0x08002d90   0x00000116   Code   RO         1832    i.GPIO_Init         stm32f10x_gpio.o
    0x08002ea6   0x00000012   Code   RO         1836    i.GPIO_ReadInputDataBit  stm32f10x_gpio.o
    0x08002eb8   0x00000004   Code   RO         1839    i.GPIO_ResetBits    stm32f10x_gpio.o
    0x08002ebc   0x00000004   Code   RO         1840    i.GPIO_SetBits      stm32f10x_gpio.o
    0x08002ec0   0x00000140   Code   RO         1187    i.GT9147_Init       gt9147.o
    0x08003000   0x00000062   Code   RO         1188    i.GT9147_RD_Reg     gt9147.o
    0x08003062   0x00000002   PAD
    0x08003064   0x00000200   Code   RO         1189    i.GT9147_Scan       gt9147.o
    0x08003264   0x0000005c   Code   RO         1190    i.GT9147_Send_Cfg   gt9147.o
    0x080032c0   0x0000005c   Code   RO         1191    i.GT9147_WR_Reg     gt9147.o
    0x0800331c   0x000000fc   Code   RO         4427    i.GetDistanceDelay  ultrasonicctrol.o
    0x08003418   0x000000e0   Code   RO         4033    i.Get_HzMat         text.o
    0x080034f8   0x00000004   Code   RO          254    i.HardFault_Handler  stm32f10x_it.o
    0x080034fc   0x00000050   Code   RO          568    i.IIC_Ack           myiic.o
    0x0800354c   0x00000034   Code   RO          569    i.IIC_Init          myiic.o
    0x08003580   0x00000050   Code   RO          570    i.IIC_NAck          myiic.o
    0x080035d0   0x00000070   Code   RO          571    i.IIC_Read_Byte     myiic.o
    0x08003640   0x00000074   Code   RO          572    i.IIC_Send_Byte     myiic.o
    0x080036b4   0x0000004c   Code   RO          573    i.IIC_Start         myiic.o
    0x08003700   0x0000004c   Code   RO          574    i.IIC_Stop          myiic.o
    0x0800374c   0x00000064   Code   RO          575    i.IIC_Wait_Ack      myiic.o
    0x080037b0   0x00000004   Code   RO          446    i.INTX_DISABLE      sys.o
    0x080037b4   0x00000004   Code   RO          447    i.INTX_ENABLE       sys.o
    0x080037b8   0x0000007c   Code   RO         4367    i.IRCtrolInit       irctrol.o
    0x08003834   0x0000009c   Code   RO          870    i.IsCardProgramming  sdio_sdcard.o
    0x080038d0   0x000000c8   Code   RO          623    i.KEY_Scan          key.o
    0x08003998   0x0000006c   Code   RO          642    i.LCD_Clear         lcd.o
    0x08003a04   0x000001c0   Code   RO          646    i.LCD_Display_Dir   lcd.o
    0x08003bc4   0x000000b0   Code   RO          647    i.LCD_DrawLine      lcd.o
    0x08003c74   0x00000024   Code   RO          648    i.LCD_DrawPoint     lcd.o
    0x08003c98   0x00000098   Code   RO          650    i.LCD_Draw_Circle   lcd.o
    0x08003d30   0x0000017c   Code   RO          651    i.LCD_Fast_DrawPoint  lcd.o
    0x08003eac   0x000000bc   Code   RO          652    i.LCD_Fill          lcd.o
    0x08003f68   0x00003774   Code   RO          653    i.LCD_Init          lcd.o
    0x080076dc   0x00000016   Code   RO          654    i.LCD_Pow           lcd.o
    0x080076f2   0x00000002   PAD
    0x080076f4   0x00000014   Code   RO          655    i.LCD_RD_DATA       lcd.o
    0x08007708   0x00000016   Code   RO          657    i.LCD_ReadReg       lcd.o
    0x0800771e   0x00000002   PAD
    0x08007720   0x00000054   Code   RO          658    i.LCD_SSD_BackLightSet  lcd.o
    0x08007774   0x000002ec   Code   RO          659    i.LCD_Scan_Dir      lcd.o
    0x08007a60   0x000001a8   Code   RO          660    i.LCD_SetCursor     lcd.o
    0x08007c08   0x00000128   Code   RO          662    i.LCD_ShowChar      lcd.o
    0x08007d30   0x00000094   Code   RO          663    i.LCD_ShowNum       lcd.o
    0x08007dc4   0x00000066   Code   RO          664    i.LCD_ShowString    lcd.o
    0x08007e2a   0x00000002   PAD
    0x08007e2c   0x0000000c   Code   RO          666    i.LCD_WR_DATA       lcd.o
    0x08007e38   0x0000000c   Code   RO          667    i.LCD_WR_REG        lcd.o
    0x08007e44   0x00000014   Code   RO          669    i.LCD_WriteRAM_Prepare  lcd.o
    0x08007e58   0x00000010   Code   RO          670    i.LCD_WriteReg      lcd.o
    0x08007e68   0x0000004c   Code   RO          851    i.LED_Init          led.o
    0x08007eb4   0x00000004   Code   RO          255    i.MemManage_Handler  stm32f10x_it.o
    0x08007eb8   0x00000084   Code   RO         4250    i.MotorGPIO_Configuration  motor.o
    0x08007f3c   0x0000000c   Code   RO         4251    i.MotorInit         motor.o
    0x08007f48   0x00000002   Code   RO          256    i.NMI_Handler       stm32f10x_it.o
    0x08007f4a   0x00000002   PAD
    0x08007f4c   0x00000070   Code   RO         1544    i.NVIC_Init         misc.o
    0x08007fbc   0x00000014   Code   RO         1545    i.NVIC_PriorityGroupConfig  misc.o
    0x08007fd0   0x00000020   Code   RO         4310    i.NVIC_TIM2Configuration  interface.o
    0x08007ff0   0x000000b4   Code   RO         1227    i.OTT2001A_Init     ott2001a.o
    0x080080a4   0x00000062   Code   RO         1228    i.OTT2001A_RD_Reg   ott2001a.o
    0x08008106   0x00000002   PAD
    0x08008108   0x000001e0   Code   RO         1229    i.OTT2001A_Scan     ott2001a.o
    0x080082e8   0x0000001c   Code   RO         1230    i.OTT2001A_SensorControl  ott2001a.o
    0x08008304   0x0000005c   Code   RO         1231    i.OTT2001A_WR_Reg   ott2001a.o
    0x08008360   0x000000ce   Code   RO         4512    i.PID_AbsoluteMode  pidcontroller.o
    0x0800842e   0x00000002   Code   RO          257    i.PendSV_Handler    stm32f10x_it.o
    0x08008430   0x00000020   Code   RO         1941    i.RCC_AHBPeriphClockCmd  stm32f10x_rcc.o
    0x08008450   0x00000020   Code   RO         1942    i.RCC_APB1PeriphClockCmd  stm32f10x_rcc.o
    0x08008470   0x00000020   Code   RO         1943    i.RCC_APB1PeriphResetCmd  stm32f10x_rcc.o
    0x08008490   0x00000020   Code   RO         1944    i.RCC_APB2PeriphClockCmd  stm32f10x_rcc.o
    0x080084b0   0x00000020   Code   RO         1945    i.RCC_APB2PeriphResetCmd  stm32f10x_rcc.o
    0x080084d0   0x000000d4   Code   RO         1952    i.RCC_GetClocksFreq  stm32f10x_rcc.o
    0x080085a4   0x00000094   Code   RO         4311    i.RedRayInit        interface.o
    0x08008638   0x0000007c   Code   RO         4466    i.Rundistance       rundistance.o
    0x080086b4   0x000000ac   Code   RO          871    i.SDEnWideBus       sdio_sdcard.o
    0x08008760   0x0000000c   Code   RO         2141    i.SDIO_ClearFlag    stm32f10x_sdio.o
    0x0800876c   0x0000000c   Code   RO         2143    i.SDIO_ClockCmd     stm32f10x_sdio.o
    0x08008778   0x00000014   Code   RO          872    i.SDIO_Clock_Set    sdio_sdcard.o
    0x0800878c   0x0000000c   Code   RO         2146    i.SDIO_DMACmd       stm32f10x_sdio.o
    0x08008798   0x00000030   Code   RO         2147    i.SDIO_DataConfig   stm32f10x_sdio.o
    0x080087c8   0x00000024   Code   RO         2149    i.SDIO_DeInit       stm32f10x_sdio.o
    0x080087ec   0x00000018   Code   RO         2153    i.SDIO_GetFlagStatus  stm32f10x_sdio.o
    0x08008804   0x00000010   Code   RO         2155    i.SDIO_GetPowerState  stm32f10x_sdio.o
    0x08008814   0x00000008   Code   RO          873    i.SDIO_IRQHandler   sdio_sdcard.o
    0x0800881c   0x00000030   Code   RO         2158    i.SDIO_Init         stm32f10x_sdio.o
    0x0800884c   0x0000000c   Code   RO         2159    i.SDIO_ReadData     stm32f10x_sdio.o
    0x08008858   0x0000002c   Code   RO         2161    i.SDIO_SendCommand  stm32f10x_sdio.o
    0x08008884   0x0000001c   Code   RO         2163    i.SDIO_SetPowerState  stm32f10x_sdio.o
    0x080088a0   0x0000000c   Code   RO         2169    i.SDIO_WriteData    stm32f10x_sdio.o
    0x080088ac   0x00000068   Code   RO          874    i.SD_DMA_Config     sdio_sdcard.o
    0x08008914   0x00000068   Code   RO          875    i.SD_EnableWideBusOperation  sdio_sdcard.o
    0x0800897c   0x00000314   Code   RO          876    i.SD_GetCardInfo    sdio_sdcard.o
    0x08008c90   0x00000100   Code   RO          878    i.SD_Init           sdio_sdcard.o
    0x08008d90   0x00000154   Code   RO          879    i.SD_InitializeCards  sdio_sdcard.o
    0x08008ee4   0x000001dc   Code   RO          881    i.SD_PowerON        sdio_sdcard.o
    0x080090c0   0x0000013c   Code   RO          882    i.SD_ProcessIRQSrc  sdio_sdcard.o
    0x080091fc   0x00000258   Code   RO          883    i.SD_ReadBlock      sdio_sdcard.o
    0x08009454   0x000000a0   Code   RO          884    i.SD_ReadDisk       sdio_sdcard.o
    0x080094f4   0x000002e8   Code   RO          885    i.SD_ReadMultiBlocks  sdio_sdcard.o
    0x080097dc   0x00000030   Code   RO          886    i.SD_SelectDeselect  sdio_sdcard.o
    0x0800980c   0x00000018   Code   RO          888    i.SD_SetDeviceMode  sdio_sdcard.o
    0x08009824   0x00000374   Code   RO          889    i.SD_WriteBlock     sdio_sdcard.o
    0x08009b98   0x000000a0   Code   RO          890    i.SD_WriteDisk      sdio_sdcard.o
    0x08009c38   0x000003c0   Code   RO          891    i.SD_WriteMultiBlocks  sdio_sdcard.o
    0x08009ff8   0x00000094   Code   RO         1063    i.SPI2_Init         spi.o
    0x0800a08c   0x00000054   Code   RO         1064    i.SPI2_ReadWriteByte  spi.o
    0x0800a0e0   0x00000028   Code   RO         1065    i.SPI2_SetSpeed     spi.o
    0x0800a108   0x00000018   Code   RO         2331    i.SPI_Cmd           stm32f10x_spi.o
    0x0800a120   0x00000012   Code   RO         2339    i.SPI_I2S_GetFlagStatus  stm32f10x_spi.o
    0x0800a132   0x00000006   Code   RO         2342    i.SPI_I2S_ReceiveData  stm32f10x_spi.o
    0x0800a138   0x00000004   Code   RO         2343    i.SPI_I2S_SendData  stm32f10x_spi.o
    0x0800a13c   0x0000003c   Code   RO         2344    i.SPI_Init          stm32f10x_spi.o
    0x0800a178   0x00000002   Code   RO          258    i.SVC_Handler       stm32f10x_it.o
    0x0800a17a   0x00000002   PAD
    0x0800a17c   0x00000030   Code   RO         4312    i.ServoInit         interface.o
    0x0800a1ac   0x00000008   Code   RO          367    i.SetSysClock       system_stm32f10x.o
    0x0800a1b4   0x000000e0   Code   RO          368    i.SetSysClockTo72   system_stm32f10x.o
    0x0800a294   0x000000c8   Code   RO         4034    i.Show_Font         text.o
    0x0800a35c   0x000000c2   Code   RO         4035    i.Show_Str          text.o
    0x0800a41e   0x00000002   PAD
    0x0800a420   0x00000070   Code   RO         4036    i.Show_Str_Mid      text.o
    0x0800a490   0x00000028   Code   RO         1548    i.SysTick_CLKSourceConfig  misc.o
    0x0800a4b8   0x00000002   Code   RO          259    i.SysTick_Handler   stm32f10x_it.o
    0x0800a4ba   0x00000002   PAD
    0x0800a4bc   0x00000060   Code   RO          370    i.SystemInit        system_stm32f10x.o
    0x0800a51c   0x000000d4   Code   RO          260    i.TIM2_IRQHandler   stm32f10x_it.o
    0x0800a5f0   0x0000004a   Code   RO         4313    i.TIM2_Init         interface.o
    0x0800a63a   0x00000002   PAD
    0x0800a63c   0x00000038   Code   RO         3268    i.TIM4_IRQHandler   usmart.o
    0x0800a674   0x00000034   Code   RO         1525    i.TIM7_IRQHandler   timer.o
    0x0800a6a8   0x00000060   Code   RO         1526    i.TIM7_Int_Init     timer.o
    0x0800a708   0x00000006   Code   RO         2480    i.TIM_ClearFlag     stm32f10x_tim.o
    0x0800a70e   0x00000006   Code   RO         2481    i.TIM_ClearITPendingBit  stm32f10x_tim.o
    0x0800a714   0x00000018   Code   RO         2486    i.TIM_Cmd           stm32f10x_tim.o
    0x0800a72c   0x00000006   Code   RO         2505    i.TIM_GetCounter    stm32f10x_tim.o
    0x0800a732   0x00000012   Code   RO         2506    i.TIM_GetFlagStatus  stm32f10x_tim.o
    0x0800a744   0x00000022   Code   RO         2507    i.TIM_GetITStatus   stm32f10x_tim.o
    0x0800a766   0x00000012   Code   RO         2511    i.TIM_ITConfig      stm32f10x_tim.o
    0x0800a778   0x00000004   Code   RO         2545    i.TIM_SetAutoreload  stm32f10x_tim.o
    0x0800a77c   0x00000004   Code   RO         2551    i.TIM_SetCounter    stm32f10x_tim.o
    0x0800a780   0x000000a4   Code   RO         2557    i.TIM_TimeBaseInit  stm32f10x_tim.o
    0x0800a824   0x000001a8   Code   RO         1267    i.TP_Adj_Info_Show  touch.o
    0x0800a9cc   0x0000085c   Code   RO         1268    i.TP_Adjust         touch.o
    0x0800b228   0x00000070   Code   RO         1270    i.TP_Drow_Touch_Point  touch.o
    0x0800b298   0x00000050   Code   RO         1271    i.TP_Get_Adjdata    touch.o
    0x0800b2e8   0x00000168   Code   RO         1272    i.TP_Init           touch.o
    0x0800b450   0x00000094   Code   RO         1273    i.TP_Read_AD        touch.o
    0x0800b4e4   0x00000078   Code   RO         1274    i.TP_Read_XOY       touch.o
    0x0800b55c   0x00000030   Code   RO         1275    i.TP_Read_XY        touch.o
    0x0800b58c   0x000000c0   Code   RO         1276    i.TP_Read_XY2       touch.o
    0x0800b64c   0x0000001c   Code   RO         1277    i.TP_Save_Adjdata   touch.o
    0x0800b668   0x00000110   Code   RO         1278    i.TP_Scan           touch.o
    0x0800b778   0x0000004c   Code   RO         1279    i.TP_Write_Byte     touch.o
    0x0800b7c4   0x0000002c   Code   RO         4369    i.Time3Init         irctrol.o
    0x0800b7f0   0x0000002c   Code   RO         4428    i.Time4Init         ultrasonicctrol.o
    0x0800b81c   0x0000005c   Code   RO         3269    i.Timer4_Init       usmart.o
    0x0800b878   0x00000088   Code   RO          473    i.USART1_IRQHandler  usart.o
    0x0800b900   0x00000070   Code   RO         1363    i.USART3_IRQHandler  usart3.o
    0x0800b970   0x00000018   Code   RO         3022    i.USART_Cmd         stm32f10x_usart.o
    0x0800b988   0x0000009c   Code   RO         3024    i.USART_DeInit      stm32f10x_usart.o
    0x0800ba24   0x0000001a   Code   RO         3025    i.USART_GetFlagStatus  stm32f10x_usart.o
    0x0800ba3e   0x00000054   Code   RO         3026    i.USART_GetITStatus  stm32f10x_usart.o
    0x0800ba92   0x0000004a   Code   RO         3028    i.USART_ITConfig    stm32f10x_usart.o
    0x0800badc   0x000000d8   Code   RO         3029    i.USART_Init        stm32f10x_usart.o
    0x0800bbb4   0x0000000a   Code   RO         3036    i.USART_ReceiveData  stm32f10x_usart.o
    0x0800bbbe   0x00000008   Code   RO         3039    i.USART_SendData    stm32f10x_usart.o
    0x0800bbc6   0x00000002   PAD
    0x0800bbc8   0x00000098   Code   RO         4429    i.UltraSoundInit    ultrasonicctrol.o
    0x0800bc60   0x00000004   Code   RO          261    i.UsageFault_Handler  stm32f10x_it.o
    0x0800bc64   0x00000030   Code   RO         4314    i.UserLEDInit       interface.o
    0x0800bc94   0x00000108   Code   RO         4514    i.User_PidSpeedControl  pidcontroller.o
    0x0800bd9c   0x00000058   Code   RO         1405    i.W25QXX_Erase_Sector  w25qxx.o
    0x0800bdf4   0x00000058   Code   RO         1406    i.W25QXX_Init       w25qxx.o
    0x0800be4c   0x00000050   Code   RO         1408    i.W25QXX_Read       w25qxx.o
    0x0800be9c   0x00000048   Code   RO         1409    i.W25QXX_ReadID     w25qxx.o
    0x0800bee4   0x0000002c   Code   RO         1410    i.W25QXX_ReadSR     w25qxx.o
    0x0800bf10   0x00000012   Code   RO         1412    i.W25QXX_Wait_Busy  w25qxx.o
    0x0800bf22   0x00000002   PAD
    0x0800bf24   0x000000b8   Code   RO         1413    i.W25QXX_Write      w25qxx.o
    0x0800bfdc   0x00000020   Code   RO         1415    i.W25QXX_Write_Enable  w25qxx.o
    0x0800bffc   0x00000046   Code   RO         1416    i.W25QXX_Write_NoCheck  w25qxx.o
    0x0800c042   0x00000002   PAD
    0x0800c044   0x00000054   Code   RO         1417    i.W25QXX_Write_Page  w25qxx.o
    0x0800c098   0x00000028   Code   RO         4874    i.__ARM_fpclassify  m_ws.l(fpclassify.o)
    0x0800c0c0   0x0000000e   Code   RO         4613    i._is_digit         c_w.l(__printf_wp.o)
    0x0800c0ce   0x00000006   Code   RO          474    i._sys_exit         usart.o
    0x0800c0d4   0x0000003c   Code   RO         4106    i.atk_8266_at_response  common.o
    0x0800c110   0x00000034   Code   RO         4107    i.atk_8266_check_cmd  common.o
    0x0800c144   0x00000044   Code   RO         4108    i.atk_8266_consta_check  common.o
    0x0800c188   0x00000054   Code   RO         4111    i.atk_8266_get_wanip  common.o
    0x0800c1dc   0x00000354   Code   RO         4116    i.atk_8266_msg_show  common.o
    0x0800c530   0x00000104   Code   RO         4117    i.atk_8266_mtest_ui  common.o
    0x0800c634   0x00000070   Code   RO         4119    i.atk_8266_quit_trans  common.o
    0x0800c6a4   0x00000074   Code   RO         4120    i.atk_8266_send_cmd  common.o
    0x0800c718   0x0000005c   Code   RO         4121    i.atk_8266_send_data  common.o
    0x0800c774   0x0000011c   Code   RO         4122    i.atk_8266_test     common.o
    0x0800c890   0x0000039c   Code   RO         4232    i.atk_8266_wifiap_test  wifiap.o
    0x0800cc2c   0x00000108   Code   RO         4123    i.atk_8266_wificonf_show  common.o
    0x0800cd34   0x00000032   Code   RO         1507    i.bh_data_read      light.o
    0x0800cd66   0x00000028   Code   RO         1508    i.bh_data_send      light.o
    0x0800cd8e   0x00000002   PAD
    0x0800cd90   0x00000090   Code   RO         3489    i.check_fs          ff.o
    0x0800ce20   0x00000012   Code   RO          892    i.convert_from_bytes_to_power_of_two  sdio_sdcard.o
    0x0800ce32   0x00000002   PAD
    0x0800ce34   0x00000044   Code   RO          419    i.delay_init        delay.o
    0x0800ce78   0x0000004c   Code   RO          420    i.delay_ms          delay.o
    0x0800cec4   0x0000004c   Code   RO          421    i.delay_us          delay.o
    0x0800cf10   0x00000038   Code   RO         3429    i.disk_initialize   diskio.o
    0x0800cf48   0x0000007a   Code   RO         3431    i.disk_read         diskio.o
    0x0800cfc2   0x00000006   Code   RO         3432    i.disk_status       diskio.o
    0x0800cfc8   0x0000007a   Code   RO         3433    i.disk_write        diskio.o
    0x0800d042   0x00000002   PAD
    0x0800d044   0x00000084   Code   RO         3832    i.exfuns_init       exfuns.o
    0x0800d0c8   0x0000005c   Code   RO         3512    i.f_mount           ff.o
    0x0800d124   0x00000394   Code   RO         3528    i.find_volume       ff.o
    0x0800d4b8   0x00000044   Code   RO         4066    i.font_init         fontupd.o
    0x0800d4fc   0x0000001c   Code   RO          475    i.fputc             usart.o
    0x0800d518   0x0000004a   Code   RO         3534    i.get_ldnumber      ff.o
    0x0800d562   0x00000002   PAD
    0x0800d564   0x000002b0   Code   RO            2    i.main              main.o
    0x0800d814   0x00000034   Code   RO         3539    i.move_window       ff.o
    0x0800d848   0x0000006c   Code   RO         3198    i.my_mem_free       malloc.o
    0x0800d8b4   0x00000044   Code   RO         3199    i.my_mem_init       malloc.o
    0x0800d8f8   0x000000a8   Code   RO         3200    i.my_mem_malloc     malloc.o
    0x0800d9a0   0x00000040   Code   RO         3201    i.my_mem_perused    malloc.o
    0x0800d9e0   0x00000024   Code   RO         3202    i.myfree            malloc.o
    0x0800da04   0x00000028   Code   RO         3203    i.mymalloc          malloc.o
    0x0800da2c   0x00000014   Code   RO         3205    i.mymemset          malloc.o
    0x0800da40   0x00000006   Code   RO         3270    i.read_addr         usmart.o
    0x0800da46   0x00000002   PAD
    0x0800da48   0x00000118   Code   RO            3    i.send_data         main.o
    0x0800db60   0x0000008c   Code   RO            4    i.send_mode         main.o
    0x0800dbec   0x0000004c   Code   RO         4717    i.sqrt              m_ws.l(sqrt.o)
    0x0800dc38   0x00000052   Code   RO         3547    i.sync_window       ff.o
    0x0800dc8a   0x00000002   PAD
    0x0800dc8c   0x00000050   Code   RO         1364    i.u3_printf         usart3.o
    0x0800dcdc   0x000000a0   Code   RO          476    i.uart_init         usart.o
    0x0800dd7c   0x000000d0   Code   RO         1365    i.usart3_init       usart3.o
    0x0800de4c   0x000000b0   Code   RO         3271    i.usmart_cmd_rec    usmart.o
    0x0800defc   0x000002d4   Code   RO         3272    i.usmart_exe        usmart.o
    0x0800e1d0   0x000000c8   Code   RO         3357    i.usmart_get_aparm  usmart_str.o
    0x0800e298   0x00000036   Code   RO         3358    i.usmart_get_cmdname  usmart_str.o
    0x0800e2ce   0x00000002   PAD
    0x0800e2d0   0x000001c0   Code   RO         3359    i.usmart_get_fname  usmart_str.o
    0x0800e490   0x0000010c   Code   RO         3360    i.usmart_get_fparam  usmart_str.o
    0x0800e59c   0x00000020   Code   RO         3361    i.usmart_get_parmpos  usmart_str.o
    0x0800e5bc   0x00000044   Code   RO         3273    i.usmart_get_runtime  usmart.o
    0x0800e600   0x00000028   Code   RO         3274    i.usmart_init       usmart.o
    0x0800e628   0x00000016   Code   RO         3362    i.usmart_pow        usmart_str.o
    0x0800e63e   0x00000002   PAD
    0x0800e640   0x00000030   Code   RO         3275    i.usmart_reset_runtime  usmart.o
    0x0800e670   0x000000bc   Code   RO         3276    i.usmart_scan       usmart.o
    0x0800e72c   0x00000016   Code   RO         3363    i.usmart_search_nextc  usmart_str.o
    0x0800e742   0x000000ca   Code   RO         3364    i.usmart_str2num    usmart_str.o
    0x0800e80c   0x00000022   Code   RO         3365    i.usmart_strcmp     usmart_str.o
    0x0800e82e   0x00000016   Code   RO         3366    i.usmart_strcopy    usmart_str.o
    0x0800e844   0x00000018   Code   RO         3367    i.usmart_strlen     usmart_str.o
    0x0800e85c   0x000006e4   Code   RO         3277    i.usmart_sys_cmd_exe  usmart.o
    0x0800ef40   0x00000004   Code   RO         3278    i.write_addr        usmart.o
    0x0800ef44   0x0000002c   Code   RO         4870    locale$$code        c_w.l(lc_numeric_c.o)
    0x0800ef70   0x0000002c   Code   RO         4883    locale$$code        c_w.l(lc_ctype_c.o)
    0x0800ef9c   0x00000062   Code   RO         4648    x$fpl$d2f           fz_ws.l(d2f.o)
    0x0800effe   0x00000002   PAD
    0x0800f000   0x00000150   Code   RO         4650    x$fpl$dadd          fz_ws.l(daddsub_clz.o)
    0x0800f150   0x00000018   Code   RO         4784    x$fpl$dcmpinf       fz_ws.l(dcmpi.o)
    0x0800f168   0x000002b0   Code   RO         4657    x$fpl$ddiv          fz_ws.l(ddiv.o)
    0x0800f418   0x0000005e   Code   RO         4660    x$fpl$dfix          fz_ws.l(dfix.o)
    0x0800f476   0x00000002   PAD
    0x0800f478   0x0000005a   Code   RO         4664    x$fpl$dfixu         fz_ws.l(dfixu.o)
    0x0800f4d2   0x0000002e   Code   RO         4669    x$fpl$dflt          fz_ws.l(dflt_clz.o)
    0x0800f500   0x00000026   Code   RO         4668    x$fpl$dfltu         fz_ws.l(dflt_clz.o)
    0x0800f526   0x00000002   PAD
    0x0800f528   0x00000078   Code   RO         4674    x$fpl$dleqf         fz_ws.l(dleqf.o)
    0x0800f5a0   0x00000154   Code   RO         4676    x$fpl$dmul          fz_ws.l(dmul.o)
    0x0800f6f4   0x0000009c   Code   RO         4786    x$fpl$dnaninf       fz_ws.l(dnaninf.o)
    0x0800f790   0x0000000c   Code   RO         4788    x$fpl$dretinf       fz_ws.l(dretinf.o)
    0x0800f79c   0x0000006c   Code   RO         4678    x$fpl$drleqf        fz_ws.l(drleqf.o)
    0x0800f808   0x00000016   Code   RO         4651    x$fpl$drsb          fz_ws.l(daddsub_clz.o)
    0x0800f81e   0x00000002   PAD
    0x0800f820   0x000001cc   Code   RO         4790    x$fpl$dsqrt         fz_ws.l(dsqrt_noumaal.o)
    0x0800f9ec   0x000001d4   Code   RO         4652    x$fpl$dsub          fz_ws.l(daddsub_clz.o)
    0x0800fbc0   0x00000056   Code   RO         4680    x$fpl$f2d           fz_ws.l(f2d.o)
    0x0800fc16   0x00000002   PAD
    0x0800fc18   0x000000c4   Code   RO         4682    x$fpl$fadd          fz_ws.l(faddsub_clz.o)
    0x0800fcdc   0x00000018   Code   RO         4792    x$fpl$fcmpinf       fz_ws.l(fcmpi.o)
    0x0800fcf4   0x00000184   Code   RO         4689    x$fpl$fdiv          fz_ws.l(fdiv.o)
    0x0800fe78   0x00000068   Code   RO         4692    x$fpl$feqf          fz_ws.l(feqf.o)
    0x0800fee0   0x00000036   Code   RO         4694    x$fpl$ffix          fz_ws.l(ffix.o)
    0x0800ff16   0x00000002   PAD
    0x0800ff18   0x0000003e   Code   RO         4698    x$fpl$ffixu         fz_ws.l(ffixu.o)
    0x0800ff56   0x00000002   PAD
    0x0800ff58   0x00000030   Code   RO         4703    x$fpl$fflt          fz_ws.l(fflt_clz.o)
    0x0800ff88   0x00000026   Code   RO         4702    x$fpl$ffltu         fz_ws.l(fflt_clz.o)
    0x0800ffae   0x00000002   PAD
    0x0800ffb0   0x00000068   Code   RO         4708    x$fpl$fleqf         fz_ws.l(fleqf.o)
    0x08010018   0x00000102   Code   RO         4710    x$fpl$fmul          fz_ws.l(fmul.o)
    0x0801011a   0x0000008c   Code   RO         4794    x$fpl$fnaninf       fz_ws.l(fnaninf.o)
    0x080101a6   0x0000000a   Code   RO         4796    x$fpl$fretinf       fz_ws.l(fretinf.o)
    0x080101b0   0x00000062   Code   RO         4712    x$fpl$frleqf        fz_ws.l(frleqf.o)
    0x08010212   0x00000002   PAD
    0x08010214   0x000000ea   Code   RO         4684    x$fpl$fsub          fz_ws.l(faddsub_clz.o)
    0x080102fe   0x00000004   Code   RO         4714    x$fpl$printf1       fz_ws.l(printf1.o)
    0x08010302   0x00000000   Code   RO         4798    x$fpl$usenofp       fz_ws.l(usenofp.o)
    0x08010302   0x000017c0   Data   RO          673    .constdata          lcd.o
    0x08011ac2   0x0000000a   Data   RO         1157    .constdata          ft5206.o
    0x08011acc   0x000000c2   Data   RO         1192    .constdata          gt9147.o
    0x08011b8e   0x0000000a   Data   RO         1232    .constdata          ott2001a.o
    0x08011b98   0x00000004   Data   RO         1280    .constdata          touch.o
    0x08011b9c   0x00000018   Data   RO         3210    .constdata          malloc.o
    0x08011bb4   0x00000028   Data   RO         4601    .constdata          c_w.l(_printf_hex_int_ll_ptr.o)
    0x08011bdc   0x00000011   Data   RO         4621    .constdata          c_w.l(__printf_flags_ss_wp.o)
    0x08011bed   0x00000003   PAD
    0x08011bf0   0x00000008   Data   RO         4753    .constdata          c_w.l(_printf_wctomb.o)
    0x08011bf8   0x00000094   Data   RO         4839    .constdata          c_w.l(bigflt0.o)
    0x08011c8c   0x00000079   Data   RO         1281    .conststring        touch.o
    0x08011d05   0x00000003   PAD
    0x08011d08   0x00000028   Data   RO         3279    .conststring        usmart.o
    0x08011d30   0x00000090   Data   RO         3344    .conststring        usmart_config.o
    0x08011dc0   0x000000ea   Data   RO         4124    .conststring        common.o
    0x08011eaa   0x00000002   PAD
    0x08011eac   0x00000020   Data   RO         5017    Region$$Table       anon$$obj.o
    0x08011ecc   0x0000001c   Data   RO         4869    locale$$data        c_w.l(lc_numeric_c.o)
    0x08011ee8   0x00000110   Data   RO         4882    locale$$data        c_w.l(lc_ctype_c.o)


    Execution Region RW_IRAM1 (Base: 0x20000000, Size: 0x0000cbf0, Max: 0x00010000, ABSOLUTE, COMPRESSED[0x000000f8])

    Base Addr    Size         Type   Attr      Idx    E Section Name        Object

    0x20000000   0x00000020   Data   RW            5    .data               main.o
    0x20000020   0x00000002   Data   RW          262    .data               stm32f10x_it.o
    0x20000022   0x00000002   PAD
    0x20000024   0x00000014   Data   RW          371    .data               system_stm32f10x.o
    0x20000038   0x00000004   Data   RW          422    .data               delay.o
    0x2000003c   0x00000006   Data   RW          478    .data               usart.o
    0x20000042   0x00000001   Data   RW          624    .data               key.o
    0x20000043   0x00000001   PAD
    0x20000044   0x00000004   Data   RW          674    .data               lcd.o
    0x20000048   0x00000010   Data   RW          894    .data               sdio_sdcard.o
    0x20000058   0x00000001   Data   RW         1158    .data               ft5206.o
    0x20000059   0x00000001   Data   RW         1193    .data               gt9147.o
    0x2000005a   0x00000001   Data   RW         1233    .data               ott2001a.o
    0x2000005b   0x00000001   PAD
    0x2000005c   0x00000036   Data   RW         1282    .data               touch.o
    0x20000092   0x00000002   Data   RW         1367    .data               usart3.o
    0x20000094   0x00000002   Data   RW         1420    .data               w25qxx.o
    0x20000096   0x00000014   Data   RW         1972    .data               stm32f10x_rcc.o
    0x200000aa   0x00000002   PAD
    0x200000ac   0x0000001c   Data   RW         3211    .data               malloc.o
    0x200000c8   0x0000001c   Data   RW         3280    .data               usmart.o
    0x200000e4   0x00000114   Data   RW         3345    .data               usmart_config.o
    0x200001f8   0x00000002   Data   RW         3437    .data               diskio.o
    0x200001fa   0x00000002   PAD
    0x200001fc   0x0000000a   Data   RW         3550    .data               ff.o
    0x20000206   0x00000002   PAD
    0x20000208   0x0000001c   Data   RW         3837    .data               exfuns.o
    0x20000224   0x00000085   Data   RW         4125    .data               common.o
    0x200002a9   0x00000003   PAD
    0x200002ac   0x00000004   Data   RW         4409    .data               speedctrol.o
    0x200002b0   0x00000014   Data   RW         4430    .data               ultrasonicctrol.o
    0x200002c4   0x00000009   Data   RW         4467    .data               rundistance.o
    0x200002cd   0x00000003   PAD
    0x200002d0   0x0000000c   Data   RW         4516    .data               pidcontroller.o
    0x200002dc   0x000000c8   Zero   RW          477    .bss                usart.o
    0x200003a4   0x0000000e   Zero   RW          672    .bss                lcd.o
    0x200003b2   0x00000006   PAD
    0x200003b8   0x000002c0   Zero   RW          893    .bss                sdio_sdcard.o
    0x20000678   0x000004b0   Zero   RW         1366    .bss                usart3.o
    0x20000b28   0x00001000   Zero   RW         1419    .bss                w25qxx.o
    0x20001b28   0x00000018   PAD
    0x20001b40   0x0000aa00   Zero   RW         3209    .bss                malloc.o
    0x2000c540   0x00000021   Zero   RW         4070    .bss                fontupd.o
    0x2000c561   0x00000003   PAD
    0x2000c564   0x00000028   Zero   RW         4515    .bss                pidcontroller.o
    0x2000c58c   0x00000060   Zero   RW         4800    .bss                c_w.l(libspace.o)
    0x2000c5ec   0x00000004   PAD
    0x2000c5f0   0x00000200   Zero   RW          413    HEAP                startup_stm32f10x_hd.o
    0x2000c7f0   0x00000400   Zero   RW          412    STACK               startup_stm32f10x_hd.o



  Load Region LR$$.ARM.__AT_0x68000000 (Base: 0x68000000, Size: 0x00000000, Max: 0x000f0000, ABSOLUTE)

    Execution Region ER$$.ARM.__AT_0x68000000 (Base: 0x68000000, Size: 0x000f0000, Max: 0x000f0000, ABSOLUTE, UNINIT)

    Base Addr    Size         Type   Attr      Idx    E Section Name        Object

    0x68000000   0x000f0000   Zero   RW         3207    .ARM.__AT_0x68000000  malloc.o



  Load Region LR$$.ARM.__AT_0x680F0000 (Base: 0x680f0000, Size: 0x00000000, Max: 0x0000f000, ABSOLUTE)

    Execution Region ER$$.ARM.__AT_0x680F0000 (Base: 0x680f0000, Size: 0x0000f000, Max: 0x0000f000, ABSOLUTE, UNINIT)

    Base Addr    Size         Type   Attr      Idx    E Section Name        Object

    0x680f0000   0x0000f000   Zero   RW         3208    .ARM.__AT_0x680F0000  malloc.o


==============================================================================

Image component sizes


      Code (inc. data)   RO Data    RW Data    ZI Data      Debug   Object Name

       246          0          0          0          0       3163   24cxx.o
      2244        552        234        133          0       8543   common.o
         0          0          0          0          0         32   core_cm3.o
       718        128          0          0          0       4569   ctiic.o
       220         26          0          4          0       1627   delay.o
       306          4          0          2          0       4106   diskio.o
       132         18          0         28          0       1510   exfuns.o
      1360         26          0         10          0      10142   ff.o
        68          4          0          0         33       1961   fontupd.o
       822         36         10          1          0       3441   ft5206.o
      1114         76        194          1          0       4290   gt9147.o
       410         20          0          0          0       2709   interface.o
       168         12          0          0          0        994   irctrol.o
       200         12          0          1          0        655   key.o
     17610        202       6080          4         14      24303   lcd.o
        76          8          0          0          0        479   led.o
        90          0          0          0          0        930   light.o
      1292        310          0         32          0     294103   main.o
       504         60         24         28    1088000       5829   malloc.o
       172         22          0          0          0       1965   misc.o
       640        102          0          0          0       3333   motor.o
       692        100          0          0          0       4054   myiic.o
       878         58         10          1          0       3935   ott2001a.o
       470         60          0         12         40       1894   pidcontroller.o
       184         50          0          0          0       1020   pidmotor.o
       124         14          0          9          0        879   rundistance.o
      7246        394          0         16        704      32410   sdio_sdcard.o
         0          0          0          4          0        228   speedctrol.o
       272         18          0          0          0       1721   spi.o
        64         26        304          0       1536        772   startup_stm32f10x_hd.o
       416          8          0          0          0       3326   stm32f10x_dma.o
       200         18          0          0          0       2016   stm32f10x_exti.o
       282          6          0          0          0       1745   stm32f10x_fsmc.o
       368          4          0          0          0       4138   stm32f10x_gpio.o
       260         36          0          2          0     211596   stm32f10x_it.o
       372         50          0         20          0       5968   stm32f10x_rcc.o
       304         72          0          0          0       7742   stm32f10x_sdio.o
       112          0          0          0          0       3698   stm32f10x_spi.o
       284         42          0          0          0       6056   stm32f10x_tim.o
       598         28          0          0          0       6576   stm32f10x_usart.o
         8          0          0          0          0        789   sys.o
       328         28          0         20          0       1977   system_stm32f10x.o
       730         20          0          0          0       3970   text.o
       148         16          0          0          0       1090   timer.o
      4000        268        125         54          0       9953   touch.o
       448         30          0         20          0       2041   ultrasonicctrol.o
       330         26          0          6        200       3996   usart.o
       400         42          0          2       1200       3134   usart3.o
      3166       1330         40         28          0       7274   usmart.o
         0          0        144        276          0       1448   usmart_config.o
      1328         20          0          0          0       8193   usmart_str.o
       760         70          0          2       4096       6545   w25qxx.o
       924        308          0          0          0       1159   wifiap.o

    ----------------------------------------------------------------------
     54136       4760       7202        732    1095856     730027   Object Totals
         0          0         32          0          0          0   (incl. Generated)
        48          0          5         16         33          0   (incl. Padding)

    ----------------------------------------------------------------------

      Code (inc. data)   RO Data    RW Data    ZI Data      Debug   Library Member Name

        24          4          0          0          0         84   __2printf.o
        44          6          0          0          0         84   __2sprintf.o
        90          0          0          0          0          0   __dczerorl2.o
         8          0          0          0          0         68   __main.o
       392          4         17          0          0         92   __printf_flags_ss_wp.o
        14          0          0          0          0         68   __printf_wp.o
         0          0          0          0          0          0   __rtentry.o
        12          0          0          0          0          0   __rtentry2.o
         6          0          0          0          0          0   __rtentry4.o
        52          8          0          0          0          0   __scatter.o
        28          0          0          0          0          0   __scatter_zi.o
        28          0          0          0          0         68   _chval.o
         6          0          0          0          0          0   _printf_a.o
         6          0          0          0          0          0   _printf_c.o
        44          0          0          0          0        108   _printf_char.o
        48          6          0          0          0         96   _printf_char_common.o
        36          4          0          0          0         80   _printf_char_file.o
        40          0          0          0          0         68   _printf_charcount.o
         6          0          0          0          0          0   _printf_d.o
       120         16          0          0          0         92   _printf_dec.o
         6          0          0          0          0          0   _printf_e.o
         6          0          0          0          0          0   _printf_f.o
      1050          0          0          0          0        216   _printf_fp_dec.o
       128         16          0          0          0         84   _printf_fp_infnan.o
         6          0          0          0          0          0   _printf_g.o
       148          4         40          0          0        160   _printf_hex_int_ll_ptr.o
         6          0          0          0          0          0   _printf_i.o
       178          0          0          0          0         88   _printf_intcommon.o
        10          0          0          0          0          0   _printf_l.o
         6          0          0          0          0          0   _printf_lc.o
        10          0          0          0          0          0   _printf_ll.o
         6          0          0          0          0          0   _printf_lld.o
         6          0          0          0          0          0   _printf_lli.o
         6          0          0          0          0          0   _printf_llo.o
         6          0          0          0          0          0   _printf_llu.o
         6          0          0          0          0          0   _printf_llx.o
       124         16          0          0          0         92   _printf_longlong_dec.o
         6          0          0          0          0          0   _printf_ls.o
         6          0          0          0          0          0   _printf_n.o
         6          0          0          0          0          0   _printf_o.o
       112          8          0          0          0        124   _printf_oct_int_ll.o
         6          0          0          0          0          0   _printf_p.o
        78          0          0          0          0        108   _printf_pad.o
         0          0          0          0          0          0   _printf_percent.o
         4          0          0          0          0          0   _printf_percent_end.o
         6          0          0          0          0          0   _printf_s.o
        82          0          0          0          0         80   _printf_str.o
        36          0          0          0          0         84   _printf_truncate.o
         6          0          0          0          0          0   _printf_u.o
        44          0          0          0          0        108   _printf_wchar.o
       188          6          8          0          0         92   _printf_wctomb.o
         6          0          0          0          0          0   _printf_x.o
        22          0          0          0          0        100   _rserrno.o
        10          0          0          0          0         68   _sputc.o
       158          0          0          0          0         92   _strtoul.o
        64          0          0          0          0         92   _wcrtomb.o
        26          0          0          0          0         80   atoi.o
       220          4        148          0          0         96   bigflt0.o
      1910        128          0          0          0        672   btod.o
        36          4          0          0          0         76   c89vsprintf.o
        18          0          0          0          0         80   exit.o
         8          0          0          0          0         68   ferror.o
         6          0          0          0          0        152   heapauxi.o
        44         10        272          0          0         76   lc_ctype_c.o
        44         10         28          0          0         76   lc_numeric_c.o
         2          0          0          0          0          0   libinit.o
        30          0          0          0          0          0   libinit2.o
         2          0          0          0          0          0   libshutdown.o
         2          0          0          0          0          0   libshutdown2.o
         8          4          0          0         96         68   libspace.o
       138          0          0          0          0         80   lludiv10.o
        16          4          0          0          0         76   rt_ctype_table.o
         8          4          0          0          0         68   rt_errno_addr_intlibspace.o
         8          4          0          0          0         68   rt_locale_intlibspace.o
       138          0          0          0          0         68   rt_memcpy_v6.o
       100          0          0          0          0         80   rt_memcpy_w.o
         2          0          0          0          0          0   rtexit.o
        10          0          0          0          0          0   rtexit2.o
        24          0          0          0          0         68   strcat.o
       128          0          0          0          0         68   strcmpv7m.o
        62          0          0          0          0         76   strlen.o
        36          0          0          0          0         80   strstr.o
       112          0          0          0          0         88   strtol.o
        74          0          0          0          0         80   sys_stackheap_outer.o
         2          0          0          0          0         68   use_no_semi.o
         2          0          0          0          0         68   use_no_semi_2.o
        98          4          0          0          0         92   d2f.o
       826         16          0          0          0        348   daddsub_clz.o
        24          0          0          0          0         68   dcmpi.o
       688        140          0          0          0        208   ddiv.o
        94          4          0          0          0         92   dfix.o
        90          4          0          0          0         92   dfixu.o
        84          0          0          0          0        136   dflt_clz.o
       120          4          0          0          0         92   dleqf.o
       340         12          0          0          0        104   dmul.o
       156          4          0          0          0         92   dnaninf.o
        12          0          0          0          0         68   dretinf.o
       108          0          0          0          0         80   drleqf.o
       460         56          0          0          0        120   dsqrt_noumaal.o
        86          4          0          0          0         84   f2d.o
       430          8          0          0          0        168   faddsub_clz.o
        24          0          0          0          0         68   fcmpi.o
       388         76          0          0          0         96   fdiv.o
       104          4          0          0          0         84   feqf.o
        54          4          0          0          0         84   ffix.o
        62          4          0          0          0         84   ffixu.o
        86          0          0          0          0        136   fflt_clz.o
       104          4          0          0          0         84   fleqf.o
       258          4          0          0          0         84   fmul.o
       140          4          0          0          0         84   fnaninf.o
        10          0          0          0          0         68   fretinf.o
        98          0          0          0          0         68   frleqf.o
         4          0          0          0          0         68   printf1.o
         0          0          0          0          0          0   usenofp.o
        40          0          0          0          0         68   fpclassify.o
        76          0          0          0          0         84   sqrt.o

    ----------------------------------------------------------------------
     11866        626        516          0        100       7980   Library Totals
        34          0          3          0          4          0   (incl. Padding)

    ----------------------------------------------------------------------

      Code (inc. data)   RO Data    RW Data    ZI Data      Debug   Library Name

      6768        270        513          0         96       4976   c_w.l
      4948        356          0          0          0       2852   fz_ws.l
       116          0          0          0          0        152   m_ws.l

    ----------------------------------------------------------------------
     11866        626        516          0        100       7980   Library Totals

    ----------------------------------------------------------------------

==============================================================================


      Code (inc. data)   RO Data    RW Data    ZI Data      Debug   

     66002       5386       7718        732    1095956     719023   Grand Totals
     66002       5386       7718        248    1095956     719023   ELF Image Totals (compressed)
     66002       5386       7718        248          0          0   ROM Totals

==============================================================================

    Total RO  Size (Code + RO Data)                73720 (  71.99kB)
    Total RW  Size (RW Data + ZI Data)           1096688 (1070.98kB)
    Total ROM Size (Code + RO Data + RW Data)      73968 (  72.23kB)

==============================================================================

